✔ controller binds a supplied standalone snapshot, records intent and verifies actual files (508.912791ms)
✔ changing a bound brief during execution stops the owned group and retains the unresolved task (556.43825ms)
✔ preview pixel geometry and unspecified units are refused before effects (54.01ms)
✔ artboard-local controls are verified against native coordinates without previews (1.004792ms)
✔ closure and unit mismatches report real object IDs (0.25225ms)
✔ point, handle and stroke drift cannot be masked by a matching anchor count (0.125375ms)
✔ duplicate binding aliases and missing actual IDs never become successful geometry (1.337959ms)
✔ ambiguous boards and unknown inherited transformations are refused (0.170167ms)
✔ nonfinite controls, duplicate targets and relaxed tolerances fail contract validation (0.223792ms)
✔ single writer keys the source resource, not output path; epochs fence old writers (24.2425ms)
✔ idempotency binds input, authorization and runtime; budget and cancellation persist (15.271791ms)
✔ single-round review binds fresh source, candidate, target and rubric and rejects duplicates (46.282833ms)
✔ strict review JSON rejects duplicate keys, overflow, malformed values and accepts business error (1.50175ms)
✔ revision proposals require actual assessed fields and preserve authorization without claiming independence (53.974416ms)
✔ child tasks share one durable budget and late cancellation receipts are quarantined (20.571333ms)
✔ review request rejects a claimed revision that differs from actual native bytes (28.072875ms)
✔ review binds exchange loss and persists rejection reasons across restart (37.049958ms)
✔ pending reviews survive restart and any bound source, candidate or rubric replacement invalidates acceptance (75.055458ms)
✔ review target and authorization schemas reject undeclared target keys and invalid scopes (13.540209ms)
✔ durable ownership survives registry restart and stops a TERM-ignoring descendant (635.566625ms)
✔ a forged root identity never authorizes signalling a live group (197.480083ms)
✔ settling a verified interruption fences the previous epoch and never claims delivery (33.027667ms)
✔ new or changed original files after inspection keep writer occupation (23.752625ms)
✔ a review assigned to a durable bounded cycle cannot bypass it through legacy revision (21.153167ms)
✔ bounded cycles require checked evidence and immutable valid policy (101.064792ms)
✔ round reservations are idempotent, cannot overlap, and preserve shared budget across restart (96.587916ms)
✔ stagnation stops the cycle and retains a hash-verifiable best candidate (119.677708ms)
✔ an improving last round still stops at the hard limit and retains the new best (100.073458ms)
✔ exhausted shared budget stops durably and cannot be revived by restoring the counter (85.004958ms)
✔ source edits and duplicate field targets cannot issue a revision (104.646792ms)
✔ changed goals stop the cycle while its earlier best remains verifiable (69.668625ms)
✔ runtime drift is rejected before execution intent or another shared attempt (67.973584ms)
✔ default new task probes before claim and refuses missing capability without output or intent (49.750167ms)
✔ default probe binds capabilities; completed same key is readonly and does not reprobe (302.847459ms)
✔ concurrent first use reuses the same selection while another task is running (559.347916ms)
✔ a selection switched during a pending default probe is never silently overwritten (8.6745ms)
✔ actual schema and mode must match; enabled flags do not substitute for signatures (0.770417ms)
✔ activation drains tasks, guards claim atomically, retains previous version and survives restart (50.040875ms)
✔ incompatible rollback and unconfirmed native groups retain active identity (32.91275ms)
✔ bridge selection cannot silently execute a headless Controller task (8.913708ms)
✔ every unresolved task state prevents activation (14.727834ms)
✔ selected runtime identity is checked inside the task claim transaction (33.142583ms)
✔ checked requests use actual decode failures, persist evidence, and cannot be visually promoted (361.708833ms)
✔ unsupported decoding stays pending and all delivered files remain bound (270.414917ms)
✔ checked evidence cannot be injected through the legacy JSON request entry (12.320375ms)
✔ readonly decoder cancellation consumes its shared attempt and does not replay after restart (848.088166ms)
ℹ tests 46
ℹ suites 0
ℹ pass 46
ℹ fail 0
ℹ cancelled 0
ℹ skipped 0
ℹ todo 0
ℹ duration_ms 1783.344917
