
> test
> node --test tests/*.test.ts

✔ final output permission alone does not authorize sibling staging; refusal precedes probe (24.20175ms)
✔ authorized physical roots and request paths stay fixed when a root alias changes during probe (457.859291ms)
✔ caller mutation cannot replace the input fingerprint or broaden authorization after probe starts (16.908625ms)
✔ replacing captured physical root with a new alias cannot redirect execution (28.261875ms)
✔ replacing captured physical output-parent with a new alias cannot redirect execution (63.454625ms)
✔ controller binds a supplied standalone snapshot, records intent and verifies actual files (502.857083ms)
✔ changing a bound brief during execution stops the owned group and retains the unresolved task (594.905167ms)
✔ expired ready resume requests cancellation instead of preparing or launching again (71.854334ms)
✔ preview pixel geometry and unspecified units are refused before effects (30.484542ms)
✔ artboard-local controls are verified against native coordinates without previews (11.285916ms)
✔ closure and unit mismatches report real object IDs (3.215125ms)
✔ point, handle and stroke drift cannot be masked by a matching anchor count (0.173125ms)
✔ duplicate binding aliases and missing actual IDs never become successful geometry (0.250375ms)
✔ ambiguous boards and unknown inherited transformations are refused (0.127042ms)
✔ nonfinite controls, duplicate targets and relaxed tolerances fail contract validation (0.207208ms)
✔ single writer keys the source resource, not output path; epochs fence old writers (13.921125ms)
✔ idempotency binds input, authorization and runtime; budget and cancellation persist (6.542166ms)
✔ single-round review binds fresh source, candidate, target and rubric and rejects duplicates (19.329083ms)
✔ strict review JSON rejects duplicate keys, overflow, malformed values and accepts business error (0.6615ms)
✔ revision proposals require actual assessed fields and preserve authorization without claiming independence (20.701458ms)
✔ child tasks share one durable budget and late cancellation receipts are quarantined (64.3985ms)
✔ review request rejects a claimed revision that differs from actual native bytes (29.211125ms)
✔ review binds exchange loss and persists rejection reasons across restart (14.315833ms)
✔ pending reviews survive restart and any bound source, candidate or rubric replacement invalidates acceptance (132.8095ms)
✔ review target and authorization schemas reject undeclared target keys and invalid scopes (78.148875ms)
✔ unlaunched ready task can be sealed and late intent cannot reserve budget (38.504ms)
✔ GO needs registered process and intent; authorized GO cannot become unlaunched (11.360375ms)
✔ sealing submitted task retains reservation and prevents late GO (7.147042ms)
✔ missing new protocol gate is not proof of no native execution (36.2705ms)
✔ independent SQLite connections serialize sealing against GO authorization (22.026042ms)
✔ legacy tasks do not acquire a no-GO conclusion retroactively (30.382083ms)
✔ deadline expiry between intent and GO refuses launch without resetting consumed budget (14.382667ms)
✔ different source resources cannot claim one physical output in any unresolved state (69.483666ms)
✔ a separate old SQL connection cannot bypass output occupation (5.439ms)
✔ output occupation is released only for terminal rows; same-key reads remain idempotent (3.755709ms)
✔ durable ownership survives registry restart and stops a TERM-ignoring descendant (674.869166ms)
✔ a forged root identity never authorizes signalling a live group (232.56525ms)
✔ settling a verified interruption fences the previous epoch and never claims delivery (15.736292ms)
✔ new or changed original files after inspection keep writer occupation (73.957042ms)
✔ receipt changes after inspection and old proofs without step identity retain occupation (39.360334ms)
✔ recovery refuses skill before any inspection process or proof (23.98325ms)
✔ recovery refuses plan before any inspection process or proof (11.799875ms)
✔ recovery refuses control before any inspection process or proof (5.4005ms)
✔ recovery refuses missing-control-hash before any inspection process or proof (7.2915ms)
✔ recovery refuses symlink-plan before any inspection process or proof (23.803375ms)
✔ recovery refuses unchanged before any inspection process or proof (106.42275ms)
✔ recovery refuses source-edited before any inspection process or proof (23.981583ms)
✔ recovery refuses source-deleted before any inspection process or proof (6.552958ms)
✔ recovery refuses source-added before any inspection process or proof (39.138542ms)
✔ recovery refuses source-symlink before any inspection process or proof (104.168375ms)
✔ recovery refuses source-missing-directory before any inspection process or proof (18.095708ms)
✔ recovery refuses source-missing-hash before any inspection process or proof (17.869542ms)
✔ recovery refuses source-unchanged before any inspection process or proof (49.15475ms)
✔ recovery refuses persisted receipt manifest-missing before native inspection (22.063833ms)
✔ recovery refuses persisted receipt manifest-changed before native inspection (19.364667ms)
✔ recovery refuses persisted receipt artifact-changed before native inspection (46.130791ms)
✔ recovery refuses persisted receipt runtime before native inspection (12.556542ms)
✔ recovery refuses persisted receipt malformed before native inspection (13.16925ms)
✔ recovery refuses persisted receipt invalid-state before native inspection (9.00225ms)
✔ recovery refuses persisted receipt missing-result before native inspection (6.778292ms)
✔ recovery valid reaches the subsequent runtime identity gate (13.921917ms)
✔ recovery no-receipt reaches the subsequent runtime identity gate (7.639375ms)
✔ recovery prepared-valid reaches the subsequent runtime identity gate (19.802917ms)
✔ recovery refuses prepared-wrong-output without launching native inspection (30.945375ms)
✔ recovery refuses prepared-bad-digest without launching native inspection (25.088208ms)
✔ a review assigned to a durable bounded cycle cannot bypass it through legacy revision (7.567209ms)
✔ bounded cycles require checked evidence and immutable valid policy (81.3415ms)
✔ round reservations are idempotent, cannot overlap, and preserve shared budget across restart (146.233ms)
✔ stagnation stops the cycle and retains a hash-verifiable best candidate (278.041792ms)
✔ an improving last round still stops at the hard limit and retains the new best (203.504958ms)
✔ exhausted shared budget stops durably and cannot be revived by restoring the counter (60.092417ms)
✔ source edits and duplicate field targets cannot issue a revision (71.603708ms)
✔ changed goals stop the cycle while its earlier best remains verifiable (68.438417ms)
✔ runtime drift is rejected before execution intent or another shared attempt (146.901291ms)
✔ default new task probes before claim and refuses missing capability without output or intent (154.346041ms)
✔ default probe binds capabilities; completed same key is readonly and does not reprobe (457.787292ms)
✔ concurrent first use reuses the same selection while another task is running (540.160875ms)
✔ a selection switched during a pending default probe is never silently overwritten (9.327208ms)
✔ actual schema and mode must match; enabled flags do not substitute for signatures (0.784917ms)
✔ activation drains tasks, guards claim atomically, retains previous version and survives restart (20.803333ms)
✔ incompatible rollback and unconfirmed native groups retain active identity (11.143334ms)
✔ bridge selection cannot silently execute a headless Controller task (79.163375ms)
✔ every unresolved task state prevents activation (11.048542ms)
✔ an explicitly bridge-bound native task registers against its selected bridge runtime (11.635167ms)
✔ inherited schema2 selection cannot claim or bypass drain during schema3 initialization (75.890208ms)
✔ selected runtime identity is checked inside the task claim transaction (8.177792ms)
✔ migration preserves original WAL selection, consumed shared budget and task rows in both snapshot and schema3 (93.995292ms)
✔ database guard rejects mode, binary and schema bypass through direct legacy SQL (2.560542ms)
✔ shared cancellation reaches running and ready children, fences future admission and retains budget across restart (10.900666ms)
✔ private cancellation leaves independent and already reviewed tasks untouched (5.10475ms)
✔ database guards reject stale readers admitting cancelled-budget tasks or native steps (3.721833ms)
✔ spent shared output budget rejects a new dependent task before admission (6.816125ms)
✔ one failed stop observation still persists cancellation and attempts the other group (118.77125ms)
✔ source manifest cannot change while runtime is probing (74.677ms)
✔ source inherited plan cannot change while runtime is probing (25.454666ms)
✔ source declared asset cannot change while runtime is probing (26.643959ms)
✔ source previously absent PDF date cannot change while runtime is probing (37.699583ms)
✔ source manifest and declared dependency digests enter immutable task identity (486.336084ms)
✔ source manifest cannot introduce path traversal or linked inputs before probing (33.227584ms)
✔ ordinary dependency filenames cannot bypass guards through object prototype setters (10.685375ms)
✔ a declared dependency cannot escape its source bundle through a parent directory link (10.154792ms)
✔ execution uses a hash-verified readonly source snapshot while resource identity stays on the user source (300.991125ms)
✔ legacy v1 migration retains an immutable consistent backup and consumed task budget (81.967666ms)
✔ backup directory links are refused before modifying the legacy schema (15.189208ms)
✔ mode-aware state uses a new schema so a schema2-only reader cannot be selected (12.388833ms)
✔ schema2 upgrades keep selection and budgets; the actual previous reader rejects schema3 (53.197292ms)
✔ checked requests use actual decode failures, persist evidence, and cannot be visually promoted (297.759166ms)
✔ unsupported decoding stays pending and all delivered files remain bound (313.663041ms)
✔ checked evidence cannot be injected through the legacy JSON request entry (16.975709ms)
✔ readonly decoder cancellation consumes its shared attempt and does not replay after restart (806.1025ms)
✔ ready crash seals launch and verifies no source/no output without inventing native inspection (43.912458ms)
✔ unlaunched recovery refuses new output and retains occupation (5.377667ms)
✔ unlaunched settlement refuses plan or launch gate changed after inspection (13.376584ms)
✔ submitted but unlaunched crash still requires recorded execution snapshot identity (18.229625ms)
✔ cancelling an unlaunched ready task persists state even before snapshot directory creation (57.694834ms)
ℹ tests 115
ℹ suites 0
ℹ pass 115
ℹ fail 0
ℹ cancelled 0
ℹ skipped 0
ℹ todo 0
ℹ duration_ms 2304.378125
