✖ selected runtime identity is checked inside the task claim transaction (9.117291ms)
ℹ tests 1
ℹ suites 0
ℹ pass 0
ℹ fail 1
ℹ cancelled 0
ℹ skipped 0
ℹ todo 0
ℹ duration_ms 103.225708

✖ failing tests:

test at .local/runtime-gate/baseline/tests/runtime_selection.test.ts:8:1
✖ selected runtime identity is checked inside the task claim transaction (9.117291ms)
  AssertionError [ERR_ASSERTION]: Missing expected exception.
      at TestContext.<anonymous> (file://<PLUGIN_ROOT>/.local/runtime-gate/baseline/tests/runtime_selection.test.ts:14:10)
      at Test.runInAsyncScope (node:async_hooks:227:14)
      at Test.run (node:internal/test_runner/test:1325:25)
      at Test.start (node:internal/test_runner/test:1191:17)
      at startSubtestAfterBootstrap (node:internal/test_runner/harness:385:17) {
    generatedMessage: false,
    code: 'ERR_ASSERTION',
    actual: undefined,
    expected: /runtime_selection_mismatch/,
    operator: 'throws',
    diff: 'simple'
  }
