✔ controller binds a supplied standalone snapshot, records intent and verifies actual files (306.072542ms)
✔ changing a bound brief during execution stops the owned group and retains the unresolved task (401.944041ms)
✔ preview pixel geometry and unspecified units are refused before effects (22.517708ms)
✔ artboard-local controls are verified against native coordinates without previews (0.822541ms)
✔ closure and unit mismatches report real object IDs (0.233334ms)
✔ point, handle and stroke drift cannot be masked by a matching anchor count (0.119667ms)
✔ duplicate binding aliases and missing actual IDs never become successful geometry (0.20925ms)
✔ ambiguous boards and unknown inherited transformations are refused (0.1145ms)
✔ nonfinite controls, duplicate targets and relaxed tolerances fail contract validation (0.196708ms)
✔ single writer keys the source resource, not output path; epochs fence old writers (30.035833ms)
✔ idempotency binds input, authorization and runtime; budget and cancellation persist (22.2175ms)
✔ single-round review binds fresh source, candidate, target and rubric and rejects duplicates (53.560209ms)
✔ strict review JSON rejects duplicate keys, overflow, malformed values and accepts business error (0.791083ms)
✔ revision proposals require actual assessed fields and preserve authorization without claiming independence (16.389542ms)
✔ child tasks share one durable budget and late cancellation receipts are quarantined (30.372625ms)
✔ review request rejects a claimed revision that differs from actual native bytes (7.031459ms)
✔ review binds exchange loss and persists rejection reasons across restart (7.818375ms)
✔ pending reviews survive restart and any bound source, candidate or rubric replacement invalidates acceptance (41.780416ms)
✔ review target and authorization schemas reject undeclared target keys and invalid scopes (30.509041ms)
✔ durable ownership survives registry restart and stops a TERM-ignoring descendant (430.190625ms)
✔ a forged root identity never authorizes signalling a live group (170.3495ms)
✔ settling a verified interruption fences the previous epoch and never claims delivery (25.343416ms)
✔ new or changed original files after inspection keep writer occupation (56.588917ms)
✔ a review assigned to a durable bounded cycle cannot bypass it through legacy revision (10.915917ms)
✔ bounded cycles require checked evidence and immutable valid policy (78.125709ms)
✔ round reservations are idempotent, cannot overlap, and preserve shared budget across restart (64.136083ms)
✔ stagnation stops the cycle and retains a hash-verifiable best candidate (81.938541ms)
✔ an improving last round still stops at the hard limit and retains the new best (79.089ms)
✔ exhausted shared budget stops durably and cannot be revived by restoring the counter (55.898625ms)
✔ source edits and duplicate field targets cannot issue a revision (40.15225ms)
✔ changed goals stop the cycle while its earlier best remains verifiable (48.459041ms)
✔ runtime drift is rejected before execution intent or another shared attempt (45.790375ms)
✔ actual schema and mode must match; enabled flags do not substitute for signatures (0.817791ms)
✔ activation drains tasks, guards claim atomically, retains previous version and survives restart (50.509042ms)
✔ incompatible rollback and unconfirmed native groups retain active identity (11.403792ms)
✔ bridge selection cannot silently execute a headless Controller task (9.133667ms)
✔ every unresolved task state prevents activation (31.511375ms)
✔ selected runtime identity is checked inside the task claim transaction (6.273ms)
✔ checked requests use actual decode failures, persist evidence, and cannot be visually promoted (234.519125ms)
✔ unsupported decoding stays pending and all delivered files remain bound (171.643458ms)
✔ checked evidence cannot be injected through the legacy JSON request entry (3.560083ms)
✔ readonly decoder cancellation consumes its shared attempt and does not replay after restart (782.510208ms)
ℹ tests 42
ℹ suites 0
ℹ pass 42
ℹ fail 0
ℹ cancelled 0
ℹ skipped 0
ℹ todo 0
ℹ duration_ms 1378.099375
