✔ final output permission alone does not authorize sibling staging; refusal precedes probe (22.544625ms)
✔ authorized physical roots and request paths stay fixed when a root alias changes during probe (360.169084ms)
✔ caller mutation cannot replace the input fingerprint or broaden authorization after probe starts (19.825834ms)
✔ controller binds a supplied standalone snapshot, records intent and verifies actual files (422.096541ms)
✔ changing a bound brief during execution stops the owned group and retains the unresolved task (400.452333ms)
✔ preview pixel geometry and unspecified units are refused before effects (18.326ms)
✔ artboard-local controls are verified against native coordinates without previews (0.814791ms)
✔ closure and unit mismatches report real object IDs (0.229ms)
✔ point, handle and stroke drift cannot be masked by a matching anchor count (0.120667ms)
✔ duplicate binding aliases and missing actual IDs never become successful geometry (0.208041ms)
✔ ambiguous boards and unknown inherited transformations are refused (0.232708ms)
✔ nonfinite controls, duplicate targets and relaxed tolerances fail contract validation (0.237208ms)
✔ single writer keys the source resource, not output path; epochs fence old writers (17.335041ms)
✔ idempotency binds input, authorization and runtime; budget and cancellation persist (7.000458ms)
✔ single-round review binds fresh source, candidate, target and rubric and rejects duplicates (62.860375ms)
✔ strict review JSON rejects duplicate keys, overflow, malformed values and accepts business error (0.544ms)
✔ revision proposals require actual assessed fields and preserve authorization without claiming independence (18.789459ms)
✔ child tasks share one durable budget and late cancellation receipts are quarantined (27.422792ms)
✔ review request rejects a claimed revision that differs from actual native bytes (26.871208ms)
✔ review binds exchange loss and persists rejection reasons across restart (19.269541ms)
✔ pending reviews survive restart and any bound source, candidate or rubric replacement invalidates acceptance (28.3655ms)
✔ review target and authorization schemas reject undeclared target keys and invalid scopes (8.825834ms)
✔ different source resources cannot claim one physical output in any unresolved state (55.3035ms)
✔ a separate old SQL connection cannot bypass output occupation (25.689958ms)
✔ output occupation is released only for terminal rows; same-key reads remain idempotent (47.731541ms)
✔ durable ownership survives registry restart and stops a TERM-ignoring descendant (499.5405ms)
✔ a forged root identity never authorizes signalling a live group (154.697667ms)
✔ settling a verified interruption fences the previous epoch and never claims delivery (20.681583ms)
✔ new or changed original files after inspection keep writer occupation (66.805ms)
✔ recovery refuses skill before any inspection process or proof (11.671292ms)
✔ recovery refuses plan before any inspection process or proof (11.883958ms)
✔ recovery refuses control before any inspection process or proof (16.279333ms)
✔ recovery refuses missing-control-hash before any inspection process or proof (57.211875ms)
✔ recovery refuses symlink-plan before any inspection process or proof (16.773ms)
✔ recovery refuses unchanged before any inspection process or proof (21.254709ms)
✔ a review assigned to a durable bounded cycle cannot bypass it through legacy revision (29.64475ms)
✔ bounded cycles require checked evidence and immutable valid policy (82.042916ms)
✔ round reservations are idempotent, cannot overlap, and preserve shared budget across restart (108.514583ms)
✔ stagnation stops the cycle and retains a hash-verifiable best candidate (110.735542ms)
✔ an improving last round still stops at the hard limit and retains the new best (132.250417ms)
✔ exhausted shared budget stops durably and cannot be revived by restoring the counter (48.170083ms)
✔ source edits and duplicate field targets cannot issue a revision (49.526ms)
✔ changed goals stop the cycle while its earlier best remains verifiable (43.198417ms)
✔ runtime drift is rejected before execution intent or another shared attempt (60.763875ms)
✔ default new task probes before claim and refuses missing capability without output or intent (26.670666ms)
✔ default probe binds capabilities; completed same key is readonly and does not reprobe (366.406958ms)
✔ concurrent first use reuses the same selection while another task is running (386.113375ms)
✔ a selection switched during a pending default probe is never silently overwritten (6.665375ms)
✔ actual schema and mode must match; enabled flags do not substitute for signatures (0.707958ms)
✔ activation drains tasks, guards claim atomically, retains previous version and survives restart (46.563208ms)
✔ incompatible rollback and unconfirmed native groups retain active identity (14.017917ms)
✔ bridge selection cannot silently execute a headless Controller task (3.806625ms)
✔ every unresolved task state prevents activation (14.255458ms)
✔ an explicitly bridge-bound native task registers against its selected bridge runtime (7.136042ms)
✔ inherited schema2 selection cannot claim or bypass drain during schema3 initialization (18.02975ms)
✔ selected runtime identity is checked inside the task claim transaction (9.83275ms)
✔ migration preserves original WAL selection, consumed shared budget and task rows in both snapshot and schema3 (33.030375ms)
✔ database guard rejects mode, binary and schema bypass through direct legacy SQL (2.400417ms)
✔ source manifest cannot change while runtime is probing (29.080833ms)
✔ source inherited plan cannot change while runtime is probing (12.126209ms)
✔ source declared asset cannot change while runtime is probing (39.085791ms)
✔ source previously absent PDF date cannot change while runtime is probing (15.056458ms)
✔ source manifest and declared dependency digests enter immutable task identity (264.418875ms)
✔ source manifest cannot introduce path traversal or linked inputs before probing (18.525708ms)
✔ ordinary dependency filenames cannot bypass guards through object prototype setters (27.806333ms)
✔ a declared dependency cannot escape its source bundle through a parent directory link (8.256125ms)
✔ execution uses a hash-verified readonly source snapshot while resource identity stays on the user source (226.196792ms)
✔ legacy v1 migration retains an immutable consistent backup and consumed task budget (25.276292ms)
✔ backup directory links are refused before modifying the legacy schema (6.175292ms)
✔ mode-aware state uses a new schema so a schema2-only reader cannot be selected (3.649375ms)
✔ schema2 upgrades keep selection and budgets; the actual previous reader rejects schema3 (40.703625ms)
✔ checked requests use actual decode failures, persist evidence, and cannot be visually promoted (204.534916ms)
✔ unsupported decoding stays pending and all delivered files remain bound (180.658083ms)
✔ checked evidence cannot be injected through the legacy JSON request entry (4.578125ms)
✔ readonly decoder cancellation consumes its shared attempt and does not replay after restart (781.9245ms)
ℹ tests 75
ℹ suites 0
ℹ pass 75
ℹ fail 0
ℹ cancelled 0
ℹ skipped 0
ℹ todo 0
ℹ duration_ms 1636.02075
