✔ final output permission alone does not authorize sibling staging; refusal precedes probe (21.036542ms)
✔ authorized physical roots and request paths stay fixed when a root alias changes during probe (403.7065ms)
✔ caller mutation cannot replace the input fingerprint or broaden authorization after probe starts (16.347333ms)
✔ controller binds a supplied standalone snapshot, records intent and verifies actual files (490.55925ms)
✔ changing a bound brief during execution stops the owned group and retains the unresolved task (415.60775ms)
✔ preview pixel geometry and unspecified units are refused before effects (18.816833ms)
✔ artboard-local controls are verified against native coordinates without previews (1.216542ms)
✔ closure and unit mismatches report real object IDs (0.2665ms)
✔ point, handle and stroke drift cannot be masked by a matching anchor count (0.1265ms)
✔ duplicate binding aliases and missing actual IDs never become successful geometry (0.290333ms)
✔ ambiguous boards and unknown inherited transformations are refused (0.210458ms)
✔ nonfinite controls, duplicate targets and relaxed tolerances fail contract validation (0.208208ms)
✔ single writer keys the source resource, not output path; epochs fence old writers (24.743375ms)
✔ idempotency binds input, authorization and runtime; budget and cancellation persist (12.289084ms)
✔ single-round review binds fresh source, candidate, target and rubric and rejects duplicates (44.021209ms)
✔ strict review JSON rejects duplicate keys, overflow, malformed values and accepts business error (0.583416ms)
✔ revision proposals require actual assessed fields and preserve authorization without claiming independence (16.311209ms)
✔ child tasks share one durable budget and late cancellation receipts are quarantined (17.447375ms)
✔ review request rejects a claimed revision that differs from actual native bytes (33.46375ms)
✔ review binds exchange loss and persists rejection reasons across restart (30.653667ms)
✔ pending reviews survive restart and any bound source, candidate or rubric replacement invalidates acceptance (51.898458ms)
✔ review target and authorization schemas reject undeclared target keys and invalid scopes (6.324292ms)
✔ different source resources cannot claim one physical output in any unresolved state (51.926916ms)
✔ a separate old SQL connection cannot bypass output occupation (7.394875ms)
✔ output occupation is released only for terminal rows; same-key reads remain idempotent (14.404ms)
✔ durable ownership survives registry restart and stops a TERM-ignoring descendant (540.346875ms)
✔ a forged root identity never authorizes signalling a live group (170.7055ms)
✔ settling a verified interruption fences the previous epoch and never claims delivery (28.72425ms)
✔ new or changed original files after inspection keep writer occupation (71.943458ms)
✔ recovery refuses skill before any inspection process or proof (20.977041ms)
✔ recovery refuses plan before any inspection process or proof (12.314833ms)
✔ recovery refuses control before any inspection process or proof (20.201292ms)
✔ recovery refuses missing-control-hash before any inspection process or proof (35.985375ms)
✔ recovery refuses symlink-plan before any inspection process or proof (24.598583ms)
✔ recovery refuses unchanged before any inspection process or proof (31.873917ms)
✔ a review assigned to a durable bounded cycle cannot bypass it through legacy revision (29.907958ms)
✔ bounded cycles require checked evidence and immutable valid policy (136.335625ms)
✔ round reservations are idempotent, cannot overlap, and preserve shared budget across restart (67.511958ms)
✔ stagnation stops the cycle and retains a hash-verifiable best candidate (140.310542ms)
✔ an improving last round still stops at the hard limit and retains the new best (116.516042ms)
✔ exhausted shared budget stops durably and cannot be revived by restoring the counter (41.9205ms)
✔ source edits and duplicate field targets cannot issue a revision (42.318792ms)
✔ changed goals stop the cycle while its earlier best remains verifiable (41.818291ms)
✔ runtime drift is rejected before execution intent or another shared attempt (74.415375ms)
✔ default new task probes before claim and refuses missing capability without output or intent (50.49275ms)
✔ default probe binds capabilities; completed same key is readonly and does not reprobe (317.745875ms)
✔ concurrent first use reuses the same selection while another task is running (399.798209ms)
✔ a selection switched during a pending default probe is never silently overwritten (7.373ms)
✔ actual schema and mode must match; enabled flags do not substitute for signatures (0.718167ms)
✔ activation drains tasks, guards claim atomically, retains previous version and survives restart (35.152625ms)
✔ incompatible rollback and unconfirmed native groups retain active identity (12.333125ms)
✔ bridge selection cannot silently execute a headless Controller task (8.156916ms)
✔ every unresolved task state prevents activation (11.462125ms)
✔ an explicitly bridge-bound native task registers against its selected bridge runtime (14.763792ms)
✔ inherited schema2 selection cannot claim or bypass drain during schema3 initialization (12.84475ms)
✔ selected runtime identity is checked inside the task claim transaction (16.268291ms)
✔ migration preserves original WAL selection, consumed shared budget and task rows in both snapshot and schema3 (45.468958ms)
✔ database guard rejects mode, binary and schema bypass through direct legacy SQL (7.750125ms)
✔ source manifest cannot change while runtime is probing (17.558041ms)
✔ source inherited plan cannot change while runtime is probing (39.631542ms)
✔ source declared asset cannot change while runtime is probing (18.163916ms)
✔ source previously absent PDF date cannot change while runtime is probing (18.557458ms)
✔ source manifest and declared dependency digests enter immutable task identity (317.399666ms)
✔ source manifest cannot introduce path traversal or linked inputs before probing (18.129709ms)
✔ ordinary dependency filenames cannot bypass guards through object prototype setters (23.517542ms)
✔ a declared dependency cannot escape its source bundle through a parent directory link (5.921ms)
✔ execution uses a hash-verified readonly source snapshot while resource identity stays on the user source (238.406ms)
✔ legacy v1 migration retains an immutable consistent backup and consumed task budget (52.009375ms)
✔ backup directory links are refused before modifying the legacy schema (19.038917ms)
✔ mode-aware state uses a new schema so a schema2-only reader cannot be selected (11.165709ms)
✔ schema2 upgrades keep selection and budgets; the actual previous reader rejects schema3 (41.050375ms)
✔ checked requests use actual decode failures, persist evidence, and cannot be visually promoted (229.743166ms)
✔ unsupported decoding stays pending and all delivered files remain bound (220.73275ms)
✔ checked evidence cannot be injected through the legacy JSON request entry (17.089417ms)
✔ readonly decoder cancellation consumes its shared attempt and does not replay after restart (811.247833ms)
ℹ tests 75
ℹ suites 0
ℹ pass 75
ℹ fail 0
ℹ cancelled 0
ℹ skipped 0
ℹ todo 0
ℹ duration_ms 1746.732375
