✖ different source resources cannot claim one physical output in any unresolved state (3.936ms)
✖ a separate old SQL connection cannot bypass output occupation (1.980292ms)
✔ output occupation is released only for terminal rows; same-key reads remain idempotent (2.538416ms)
ℹ tests 3
ℹ suites 0
ℹ pass 1
ℹ fail 2
ℹ cancelled 0
ℹ skipped 0
ℹ todo 0
ℹ duration_ms 84.665917

✖ failing tests:

test at tests/output_reservation.test.ts:10:1
✖ different source resources cannot claim one physical output in any unresolved state (3.936ms)
  AssertionError [ERR_ASSERTION]: Missing expected exception.
      at TestContext.<anonymous> (file://<plugin-root>/tests/output_reservation.test.ts:17:11)
      at Test.runInAsyncScope (node:async_hooks:227:14)
      at Test.run (node:internal/test_runner/test:1325:25)
      at Test.start (node:internal/test_runner/test:1191:17)
      at startSubtestAfterBootstrap (node:internal/test_runner/harness:385:17) {
    generatedMessage: false,
    code: 'ERR_ASSERTION',
    actual: undefined,
    expected: /output_busy/,
    operator: 'throws',
    diff: 'simple'
  }

test at tests/output_reservation.test.ts:22:1
✖ a separate old SQL connection cannot bypass output occupation (1.980292ms)
  AssertionError [ERR_ASSERTION]: Missing expected exception.
      at TestContext.<anonymous> (file://<plugin-root>/tests/output_reservation.test.ts:25:10)
      at Test.runInAsyncScope (node:async_hooks:227:14)
      at Test.run (node:internal/test_runner/test:1325:25)
      at Test.processPendingSubtests (node:internal/test_runner/test:911:18)
      at Test.postRun (node:internal/test_runner/test:1465:19)
      at Test.run (node:internal/test_runner/test:1390:12)
      at async startSubtestAfterBootstrap (node:internal/test_runner/harness:385:3) {
    generatedMessage: false,
    code: 'ERR_ASSERTION',
    actual: undefined,
    expected: /output_busy/,
    operator: 'throws',
    diff: 'simple'
  }
