
> test
> node --test tests/*.test.ts

✔ controller binds a supplied standalone snapshot, records intent and verifies actual files (264.013667ms)
✔ changing a bound brief during execution stops the owned group and retains the unresolved task (427.8395ms)
✔ single writer keys the source resource, not output path; epochs fence old writers (14.099916ms)
✔ idempotency binds input, authorization and runtime; budget and cancellation persist (23.704791ms)
✔ single-round review binds fresh source, candidate, target and rubric and rejects duplicates (14.262083ms)
✔ strict review JSON rejects duplicate keys, overflow, malformed values and accepts business error (2.042875ms)
✔ revision proposals require actual assessed fields and preserve authorization without claiming independence (28.82625ms)
✔ child tasks share one durable budget and late cancellation receipts are quarantined (13.931041ms)
✔ review request rejects a claimed revision that differs from actual native bytes (4.78175ms)
✔ review binds exchange loss and persists rejection reasons across restart (7.255042ms)
✔ pending reviews survive restart and any bound source, candidate or rubric replacement invalidates acceptance (42.94225ms)
✔ review target and authorization schemas reject undeclared target keys and invalid scopes (3.536583ms)
✔ durable ownership survives registry restart and stops a TERM-ignoring descendant (460.566833ms)
✔ a forged root identity never authorizes signalling a live group (184.320791ms)
✔ settling a verified interruption fences the previous epoch and never claims delivery (27.048666ms)
✔ new or changed original files after inspection keep writer occupation (22.194375ms)
✔ a review assigned to a durable bounded cycle cannot bypass it through legacy revision (19.718459ms)
✔ bounded cycles require checked evidence and immutable valid policy (57.87575ms)
✔ round reservations are idempotent, cannot overlap, and preserve shared budget across restart (46.891959ms)
✔ stagnation stops the cycle and retains a hash-verifiable best candidate (80.102083ms)
✔ an improving last round still stops at the hard limit and retains the new best (90.725291ms)
✔ exhausted shared budget stops durably and cannot be revived by restoring the counter (42.618834ms)
✔ source edits and duplicate field targets cannot issue a revision (41.043666ms)
✔ changed goals stop the cycle while its earlier best remains verifiable (39.221708ms)
✔ runtime drift is rejected before execution intent or another shared attempt (45.105167ms)
✔ checked requests use actual decode failures, persist evidence, and cannot be visually promoted (233.122792ms)
✔ unsupported decoding stays pending and all delivered files remain bound (218.214459ms)
✔ checked evidence cannot be injected through the legacy JSON request entry (2.937083ms)
✔ readonly decoder cancellation consumes its shared attempt and does not replay after restart (831.312292ms)
ℹ tests 29
ℹ suites 0
ℹ pass 29
ℹ fail 0
ℹ cancelled 0
ℹ skipped 0
ℹ todo 0
ℹ duration_ms 1441.661291
