✖ final output permission alone does not authorize sibling staging; refusal precedes probe (208.462292ms)
✖ authorized physical roots and request paths stay fixed when a root alias changes during probe (203.413458ms)
✖ caller mutation cannot replace the input fingerprint or broaden authorization after probe starts (185.892375ms)
ℹ tests 3
ℹ suites 0
ℹ pass 0
ℹ fail 3
ℹ cancelled 0
ℹ skipped 0
ℹ todo 0
ℹ duration_ms 683.693958

✖ failing tests:

test at tests/authorization_binding.test.ts:19:1
✖ final output permission alone does not authorize sibling staging; refusal precedes probe (208.462292ms)
  AssertionError [ERR_ASSERTION]: Missing expected rejection.
      at async TestContext.<anonymous> (file://<plugin-root>/tests/authorization_binding.test.ts:23:3)
      at async Test.run (node:internal/test_runner/test:1332:7)
      at async startSubtestAfterBootstrap (node:internal/test_runner/harness:385:3) {
    generatedMessage: false,
    code: 'ERR_ASSERTION',
    actual: undefined,
    expected: /staging_parent_not_authorized/,
    operator: 'rejects',
    diff: 'simple'
  }

test at tests/authorization_binding.test.ts:26:1
✖ authorized physical roots and request paths stay fixed when a root alias changes during probe (203.413458ms)
  AssertionError [ERR_ASSERTION]: Expected values to be strictly deep-equal:
  + actual - expected

    [
  +   '/var/folders/_s/9_xnnkz141920t1yv5zhvd1r0000gn/T/vector-auth-binding-N2a5GC/alias'
  -   '/var/folders/_s/9_xnnkz141920t1yv5zhvd1r0000gn/T/vector-auth-binding-N2a5GC/authorized'
    ]

      at TestContext.<anonymous> (file://<plugin-root>/tests/authorization_binding.test.ts:31:91)
      at async Test.run (node:internal/test_runner/test:1332:7)
      at async Test.processPendingSubtests (node:internal/test_runner/test:911:7) {
    generatedMessage: true,
    code: 'ERR_ASSERTION',
    actual: [ '/var/folders/_s/9_xnnkz141920t1yv5zhvd1r0000gn/T/vector-auth-binding-N2a5GC/alias' ],
    expected: [ '/var/folders/_s/9_xnnkz141920t1yv5zhvd1r0000gn/T/vector-auth-binding-N2a5GC/authorized' ],
    operator: 'deepStrictEqual',
    diff: 'simple'
  }

test at tests/authorization_binding.test.ts:34:1
✖ caller mutation cannot replace the input fingerprint or broaden authorization after probe starts (185.892375ms)
  AssertionError [ERR_ASSERTION]: Missing expected rejection.
      at async TestContext.<anonymous> (file://<plugin-root>/tests/authorization_binding.test.ts:38:6)
      at async Test.run (node:internal/test_runner/test:1332:7)
      at async Test.processPendingSubtests (node:internal/test_runner/test:911:7) {
    generatedMessage: false,
    code: 'ERR_ASSERTION',
    actual: undefined,
    expected: /stale_execution_inputs/,
    operator: 'rejects',
    diff: 'simple'
  }
