✔ final output permission alone does not authorize sibling staging; refusal precedes probe (16.093708ms)
✔ authorized physical roots and request paths stay fixed when a root alias changes during probe (369.907292ms)
✔ caller mutation cannot replace the input fingerprint or broaden authorization after probe starts (38.357ms)
✔ controller binds a supplied standalone snapshot, records intent and verifies actual files (397.029334ms)
✔ changing a bound brief during execution stops the owned group and retains the unresolved task (410.899917ms)
✔ preview pixel geometry and unspecified units are refused before effects (13.881167ms)
✔ artboard-local controls are verified against native coordinates without previews (2.180375ms)
✔ closure and unit mismatches report real object IDs (1.252792ms)
✔ point, handle and stroke drift cannot be masked by a matching anchor count (0.4075ms)
✔ duplicate binding aliases and missing actual IDs never become successful geometry (0.319ms)
✔ ambiguous boards and unknown inherited transformations are refused (0.233208ms)
✔ nonfinite controls, duplicate targets and relaxed tolerances fail contract validation (0.388791ms)
✔ single writer keys the source resource, not output path; epochs fence old writers (77.843333ms)
✔ idempotency binds input, authorization and runtime; budget and cancellation persist (17.893625ms)
✔ single-round review binds fresh source, candidate, target and rubric and rejects duplicates (18.651125ms)
✔ strict review JSON rejects duplicate keys, overflow, malformed values and accepts business error (0.56325ms)
✔ revision proposals require actual assessed fields and preserve authorization without claiming independence (16.5315ms)
✔ child tasks share one durable budget and late cancellation receipts are quarantined (10.746583ms)
✔ review request rejects a claimed revision that differs from actual native bytes (13.595542ms)
✔ review binds exchange loss and persists rejection reasons across restart (35.24975ms)
✔ pending reviews survive restart and any bound source, candidate or rubric replacement invalidates acceptance (48.249458ms)
✔ review target and authorization schemas reject undeclared target keys and invalid scopes (5.976375ms)
✔ durable ownership survives registry restart and stops a TERM-ignoring descendant (476.913625ms)
✔ a forged root identity never authorizes signalling a live group (170.86725ms)
✔ settling a verified interruption fences the previous epoch and never claims delivery (16.63525ms)
✔ new or changed original files after inspection keep writer occupation (96.155417ms)
✔ a review assigned to a durable bounded cycle cannot bypass it through legacy revision (10.029625ms)
✔ bounded cycles require checked evidence and immutable valid policy (124.735666ms)
✔ round reservations are idempotent, cannot overlap, and preserve shared budget across restart (105.110458ms)
✔ stagnation stops the cycle and retains a hash-verifiable best candidate (89.290084ms)
✔ an improving last round still stops at the hard limit and retains the new best (91.9385ms)
✔ exhausted shared budget stops durably and cannot be revived by restoring the counter (65.829792ms)
✔ source edits and duplicate field targets cannot issue a revision (43.892833ms)
✔ changed goals stop the cycle while its earlier best remains verifiable (43.29825ms)
✔ runtime drift is rejected before execution intent or another shared attempt (47.7345ms)
✔ default new task probes before claim and refuses missing capability without output or intent (26.832042ms)
✔ default probe binds capabilities; completed same key is readonly and does not reprobe (353.501291ms)
✔ concurrent first use reuses the same selection while another task is running (395.974833ms)
✔ a selection switched during a pending default probe is never silently overwritten (6.683417ms)
✔ actual schema and mode must match; enabled flags do not substitute for signatures (0.712417ms)
✔ activation drains tasks, guards claim atomically, retains previous version and survives restart (10.788875ms)
✔ incompatible rollback and unconfirmed native groups retain active identity (7.596166ms)
✔ bridge selection cannot silently execute a headless Controller task (2.728458ms)
✔ every unresolved task state prevents activation (7.409291ms)
✔ an explicitly bridge-bound native task registers against its selected bridge runtime (79.876083ms)
✔ inherited schema2 selection cannot claim or bypass drain during schema3 initialization (41.441958ms)
✔ selected runtime identity is checked inside the task claim transaction (55.284875ms)
✔ migration preserves original WAL selection, consumed shared budget and task rows in both snapshot and schema3 (63.968583ms)
✔ database guard rejects mode, binary and schema bypass through direct legacy SQL (19.79325ms)
✔ legacy v1 migration retains an immutable consistent backup and consumed task budget (31.758042ms)
✔ backup directory links are refused before modifying the legacy schema (8.798459ms)
✔ mode-aware state uses a new schema so a schema2-only reader cannot be selected (13.459959ms)
✔ schema2 upgrades keep selection and budgets; the actual previous reader rejects schema3 (52.326167ms)
✔ checked requests use actual decode failures, persist evidence, and cannot be visually promoted (227.496666ms)
✔ unsupported decoding stays pending and all delivered files remain bound (195.933041ms)
✔ checked evidence cannot be injected through the legacy JSON request entry (3.674667ms)
✔ readonly decoder cancellation consumes its shared attempt and does not replay after restart (825.305167ms)
ℹ tests 57
ℹ suites 0
ℹ pass 57
ℹ fail 0
ℹ cancelled 0
ℹ skipped 0
ℹ todo 0
ℹ duration_ms 1611.265
