✔ final output permission alone does not authorize sibling staging; refusal precedes probe (38.184583ms)
✔ authorized physical roots and request paths stay fixed when a root alias changes during probe (392.37825ms)
✔ caller mutation cannot replace the input fingerprint or broaden authorization after probe starts (8.980166ms)
✔ controller binds a supplied standalone snapshot, records intent and verifies actual files (492.966042ms)
✔ changing a bound brief during execution stops the owned group and retains the unresolved task (475.419167ms)
✔ preview pixel geometry and unspecified units are refused before effects (27.177291ms)
✔ artboard-local controls are verified against native coordinates without previews (2.143958ms)
✔ closure and unit mismatches report real object IDs (0.65975ms)
✔ point, handle and stroke drift cannot be masked by a matching anchor count (0.555458ms)
✔ duplicate binding aliases and missing actual IDs never become successful geometry (0.927417ms)
✔ ambiguous boards and unknown inherited transformations are refused (0.732458ms)
✔ nonfinite controls, duplicate targets and relaxed tolerances fail contract validation (0.850833ms)
✔ single writer keys the source resource, not output path; epochs fence old writers (11.190875ms)
✔ idempotency binds input, authorization and runtime; budget and cancellation persist (6.137625ms)
✔ single-round review binds fresh source, candidate, target and rubric and rejects duplicates (40.569542ms)
✔ strict review JSON rejects duplicate keys, overflow, malformed values and accepts business error (0.810125ms)
✔ revision proposals require actual assessed fields and preserve authorization without claiming independence (60.087666ms)
✔ child tasks share one durable budget and late cancellation receipts are quarantined (20.481459ms)
✔ review request rejects a claimed revision that differs from actual native bytes (27.435583ms)
✔ review binds exchange loss and persists rejection reasons across restart (60.804667ms)
✔ pending reviews survive restart and any bound source, candidate or rubric replacement invalidates acceptance (100.060458ms)
✔ review target and authorization schemas reject undeclared target keys and invalid scopes (11.243125ms)
✔ durable ownership survives registry restart and stops a TERM-ignoring descendant (585.326125ms)
✔ a forged root identity never authorizes signalling a live group (203.274875ms)
✔ settling a verified interruption fences the previous epoch and never claims delivery (9.055042ms)
✔ new or changed original files after inspection keep writer occupation (20.928042ms)
✔ a review assigned to a durable bounded cycle cannot bypass it through legacy revision (13.38625ms)
✔ bounded cycles require checked evidence and immutable valid policy (124.080042ms)
✔ round reservations are idempotent, cannot overlap, and preserve shared budget across restart (104.922958ms)
✔ stagnation stops the cycle and retains a hash-verifiable best candidate (131.96575ms)
✔ an improving last round still stops at the hard limit and retains the new best (92.199167ms)
✔ exhausted shared budget stops durably and cannot be revived by restoring the counter (61.989375ms)
✔ source edits and duplicate field targets cannot issue a revision (71.014458ms)
✔ changed goals stop the cycle while its earlier best remains verifiable (50.596917ms)
✔ runtime drift is rejected before execution intent or another shared attempt (54.140833ms)
✔ default new task probes before claim and refuses missing capability without output or intent (47.801833ms)
✔ default probe binds capabilities; completed same key is readonly and does not reprobe (386.712917ms)
✔ concurrent first use reuses the same selection while another task is running (445.183791ms)
✔ a selection switched during a pending default probe is never silently overwritten (7.824417ms)
✔ actual schema and mode must match; enabled flags do not substitute for signatures (2.748ms)
✔ activation drains tasks, guards claim atomically, retains previous version and survives restart (35.434042ms)
✔ incompatible rollback and unconfirmed native groups retain active identity (32.983625ms)
✔ bridge selection cannot silently execute a headless Controller task (9.921583ms)
✔ every unresolved task state prevents activation (27.568041ms)
✔ an explicitly bridge-bound native task registers against its selected bridge runtime (5.237375ms)
✔ inherited schema2 selection cannot claim or bypass drain during schema3 initialization (29.115625ms)
✔ selected runtime identity is checked inside the task claim transaction (6.765583ms)
✔ migration preserves original WAL selection, consumed shared budget and task rows in both snapshot and schema3 (65.256458ms)
✔ database guard rejects mode, binary and schema bypass through direct legacy SQL (20.212625ms)
✔ legacy v1 migration retains an immutable consistent backup and consumed task budget (51.970542ms)
✔ backup directory links are refused before modifying the legacy schema (28.978791ms)
✔ mode-aware state uses a new schema so a schema2-only reader cannot be selected (9.526667ms)
✔ schema2 upgrades keep selection and budgets; the actual previous reader rejects schema3 (31.191292ms)
✔ checked requests use actual decode failures, persist evidence, and cannot be visually promoted (273.602542ms)
✔ unsupported decoding stays pending and all delivered files remain bound (184.03125ms)
✔ checked evidence cannot be injected through the legacy JSON request entry (3.4265ms)
✔ readonly decoder cancellation consumes its shared attempt and does not replay after restart (794.540833ms)
ℹ tests 57
ℹ suites 0
ℹ pass 57
ℹ fail 0
ℹ cancelled 0
ℹ skipped 0
ℹ todo 0
ℹ duration_ms 1620.602834
