✖ legacy v1 migration retains an immutable consistent backup and consumed task budget (12.233ms)
ℹ tests 1
ℹ suites 0
ℹ pass 0
ℹ fail 1
ℹ cancelled 0
ℹ skipped 0
ℹ todo 0
ℹ duration_ms 101.720792

✖ failing tests:

test at tests/state_migration.test.ts:10:1
✖ legacy v1 migration retains an immutable consistent backup and consumed task budget (12.233ms)
  AssertionError [ERR_ASSERTION]: migration must record backup before schema update
      at TestContext.<anonymous> (file://<plugin-root>/tests/state_migration.test.ts:17:10)
      at Test.runInAsyncScope (node:async_hooks:227:14)
      at Test.run (node:internal/test_runner/test:1325:25)
      at Test.start (node:internal/test_runner/test:1191:17)
      at startSubtestAfterBootstrap (node:internal/test_runner/harness:385:17) {
    generatedMessage: false,
    code: 'ERR_ASSERTION',
    actual: undefined,
    expected: true,
    operator: '==',
    diff: 'simple'
  }
