✔ controller binds a supplied standalone snapshot, records intent and verifies actual files (536.77475ms)
✔ changing a bound brief during execution stops the owned group and retains the unresolved task (615.441875ms)
✔ preview pixel geometry and unspecified units are refused before effects (16.64625ms)
✔ artboard-local controls are verified against native coordinates without previews (0.855167ms)
✔ closure and unit mismatches report real object IDs (0.27675ms)
✔ point, handle and stroke drift cannot be masked by a matching anchor count (0.165ms)
✔ duplicate binding aliases and missing actual IDs never become successful geometry (0.219209ms)
✔ ambiguous boards and unknown inherited transformations are refused (0.240417ms)
✔ nonfinite controls, duplicate targets and relaxed tolerances fail contract validation (0.263834ms)
✔ single writer keys the source resource, not output path; epochs fence old writers (10.74825ms)
✔ idempotency binds input, authorization and runtime; budget and cancellation persist (7.489166ms)
✔ single-round review binds fresh source, candidate, target and rubric and rejects duplicates (20.836125ms)
✔ strict review JSON rejects duplicate keys, overflow, malformed values and accepts business error (2.770917ms)
✔ revision proposals require actual assessed fields and preserve authorization without claiming independence (28.51ms)
✔ child tasks share one durable budget and late cancellation receipts are quarantined (42.294125ms)
✔ review request rejects a claimed revision that differs from actual native bytes (23.605917ms)
✔ review binds exchange loss and persists rejection reasons across restart (19.658875ms)
✔ pending reviews survive restart and any bound source, candidate or rubric replacement invalidates acceptance (58.080291ms)
✔ review target and authorization schemas reject undeclared target keys and invalid scopes (24.156167ms)
✔ durable ownership survives registry restart and stops a TERM-ignoring descendant (777.478916ms)
✔ a forged root identity never authorizes signalling a live group (225.92225ms)
✔ settling a verified interruption fences the previous epoch and never claims delivery (16.4705ms)
✔ new or changed original files after inspection keep writer occupation (33.320625ms)
✔ a review assigned to a durable bounded cycle cannot bypass it through legacy revision (21.649334ms)
✔ bounded cycles require checked evidence and immutable valid policy (138.792ms)
✔ round reservations are idempotent, cannot overlap, and preserve shared budget across restart (108.769459ms)
✔ stagnation stops the cycle and retains a hash-verifiable best candidate (101.194666ms)
✔ an improving last round still stops at the hard limit and retains the new best (134.116625ms)
✔ exhausted shared budget stops durably and cannot be revived by restoring the counter (130.312083ms)
✔ source edits and duplicate field targets cannot issue a revision (48.96575ms)
✔ changed goals stop the cycle while its earlier best remains verifiable (56.915583ms)
✔ runtime drift is rejected before execution intent or another shared attempt (65.260334ms)
✔ default new task probes before claim and refuses missing capability without output or intent (22.149625ms)
✔ default probe binds capabilities; completed same key is readonly and does not reprobe (400.52575ms)
✔ concurrent first use reuses the same selection while another task is running (583.851583ms)
✔ a selection switched during a pending default probe is never silently overwritten (9.854916ms)
✔ actual schema and mode must match; enabled flags do not substitute for signatures (0.734375ms)
✔ activation drains tasks, guards claim atomically, retains previous version and survives restart (36.422917ms)
✔ incompatible rollback and unconfirmed native groups retain active identity (16.528084ms)
✔ bridge selection cannot silently execute a headless Controller task (5.068875ms)
✔ every unresolved task state prevents activation (12.686875ms)
✔ an explicitly bridge-bound native task registers against its selected bridge runtime (15.919917ms)
✔ inherited schema2 selection cannot claim or bypass drain during schema3 initialization (29.19125ms)
✔ selected runtime identity is checked inside the task claim transaction (10.2455ms)
✔ legacy v1 migration retains an immutable consistent backup and consumed task budget (40.594583ms)
✔ backup directory links are refused before modifying the legacy schema (15.554084ms)
✔ mode-aware state uses a new schema so a schema2-only reader cannot be selected (11.014667ms)
✔ schema2 upgrades keep selection and budgets; the actual previous reader rejects schema3 (28.699ms)
✔ checked requests use actual decode failures, persist evidence, and cannot be visually promoted (400.361583ms)
✔ unsupported decoding stays pending and all delivered files remain bound (298.137375ms)
✔ checked evidence cannot be injected through the legacy JSON request entry (3.767458ms)
✔ readonly decoder cancellation consumes its shared attempt and does not replay after restart (825.198125ms)
ℹ tests 52
ℹ suites 0
ℹ pass 52
ℹ fail 0
ℹ cancelled 0
ℹ skipped 0
ℹ todo 0
ℹ duration_ms 1854.098292
