✔ legacy v1 migration retains an immutable consistent backup and consumed task budget (30.70975ms)
✔ backup directory links are refused before modifying the legacy schema (4.626292ms)
✖ mode-aware state uses a new schema so a schema2-only reader cannot be selected (3.451625ms)
ℹ tests 3
ℹ suites 0
ℹ pass 2
ℹ fail 1
ℹ cancelled 0
ℹ skipped 0
ℹ todo 0
ℹ duration_ms 120.360333

✖ failing tests:

test at tests/state_migration.test.ts:40:1
✖ mode-aware state uses a new schema so a schema2-only reader cannot be selected (3.451625ms)
  AssertionError [ERR_ASSERTION]: Missing expected exception.
      at TestContext.<anonymous> (file://<plugin-root>/tests/state_migration.test.ts:44:10)
      at async Test.run (node:internal/test_runner/test:1332:7)
      at async Test.processPendingSubtests (node:internal/test_runner/test:911:7) {
    generatedMessage: false,
    code: 'ERR_ASSERTION',
    actual: undefined,
    expected: /incompatible_state_schema/,
    operator: 'throws',
    diff: 'simple'
  }
