✔ final output permission alone does not authorize sibling staging; refusal precedes probe (13.909916ms)
✔ authorized physical roots and request paths stay fixed when a root alias changes during probe (372.853416ms)
✔ caller mutation cannot replace the input fingerprint or broaden authorization after probe starts (21.299792ms)
✔ replacing captured physical root with a new alias cannot redirect execution (23.441458ms)
✔ replacing captured physical output-parent with a new alias cannot redirect execution (32.932833ms)
✔ controller binds a supplied standalone snapshot, records intent and verifies actual files (448.751375ms)
✔ changing a bound brief during execution stops the owned group and retains the unresolved task (415.561708ms)
✔ preview pixel geometry and unspecified units are refused before effects (14.152125ms)
✔ artboard-local controls are verified against native coordinates without previews (1.123833ms)
✔ closure and unit mismatches report real object IDs (0.54375ms)
✔ point, handle and stroke drift cannot be masked by a matching anchor count (8.769625ms)
✔ duplicate binding aliases and missing actual IDs never become successful geometry (0.327625ms)
✔ ambiguous boards and unknown inherited transformations are refused (0.124417ms)
✔ nonfinite controls, duplicate targets and relaxed tolerances fail contract validation (0.225ms)
✔ single writer keys the source resource, not output path; epochs fence old writers (36.019708ms)
✔ idempotency binds input, authorization and runtime; budget and cancellation persist (5.959208ms)
✔ single-round review binds fresh source, candidate, target and rubric and rejects duplicates (20.227916ms)
✔ strict review JSON rejects duplicate keys, overflow, malformed values and accepts business error (0.785083ms)
✔ revision proposals require actual assessed fields and preserve authorization without claiming independence (57.358667ms)
✔ child tasks share one durable budget and late cancellation receipts are quarantined (34.568ms)
✔ review request rejects a claimed revision that differs from actual native bytes (24.231667ms)
✔ review binds exchange loss and persists rejection reasons across restart (43.147041ms)
✔ pending reviews survive restart and any bound source, candidate or rubric replacement invalidates acceptance (60.223833ms)
✔ review target and authorization schemas reject undeclared target keys and invalid scopes (13.602917ms)
✔ different source resources cannot claim one physical output in any unresolved state (20.379708ms)
✔ a separate old SQL connection cannot bypass output occupation (3.032917ms)
✔ output occupation is released only for terminal rows; same-key reads remain idempotent (6.116375ms)
✔ durable ownership survives registry restart and stops a TERM-ignoring descendant (505.094708ms)
✔ a forged root identity never authorizes signalling a live group (177.281375ms)
✔ settling a verified interruption fences the previous epoch and never claims delivery (20.78175ms)
✔ new or changed original files after inspection keep writer occupation (17.018041ms)
✔ recovery refuses skill before any inspection process or proof (9.602541ms)
✔ recovery refuses plan before any inspection process or proof (6.558917ms)
✔ recovery refuses control before any inspection process or proof (12.072292ms)
✔ recovery refuses missing-control-hash before any inspection process or proof (6.871917ms)
✔ recovery refuses symlink-plan before any inspection process or proof (55.382459ms)
✔ recovery refuses unchanged before any inspection process or proof (28.631333ms)
✔ a review assigned to a durable bounded cycle cannot bypass it through legacy revision (8.951834ms)
✔ bounded cycles require checked evidence and immutable valid policy (103.498458ms)
✔ round reservations are idempotent, cannot overlap, and preserve shared budget across restart (82.7945ms)
✔ stagnation stops the cycle and retains a hash-verifiable best candidate (119.374375ms)
✔ an improving last round still stops at the hard limit and retains the new best (94.420375ms)
✔ exhausted shared budget stops durably and cannot be revived by restoring the counter (67.953208ms)
✔ source edits and duplicate field targets cannot issue a revision (46.145958ms)
✔ changed goals stop the cycle while its earlier best remains verifiable (47.566042ms)
✔ runtime drift is rejected before execution intent or another shared attempt (62.834959ms)
✔ default new task probes before claim and refuses missing capability without output or intent (16.347458ms)
✔ default probe binds capabilities; completed same key is readonly and does not reprobe (333.100333ms)
✔ concurrent first use reuses the same selection while another task is running (393.503417ms)
✔ a selection switched during a pending default probe is never silently overwritten (7.146583ms)
✔ actual schema and mode must match; enabled flags do not substitute for signatures (1.348166ms)
✔ activation drains tasks, guards claim atomically, retains previous version and survives restart (10.411375ms)
✔ incompatible rollback and unconfirmed native groups retain active identity (5.199875ms)
✔ bridge selection cannot silently execute a headless Controller task (4.179583ms)
✔ every unresolved task state prevents activation (3.407666ms)
✔ an explicitly bridge-bound native task registers against its selected bridge runtime (3.757875ms)
✔ inherited schema2 selection cannot claim or bypass drain during schema3 initialization (5.466791ms)
✔ selected runtime identity is checked inside the task claim transaction (41.04475ms)
✔ migration preserves original WAL selection, consumed shared budget and task rows in both snapshot and schema3 (36.845834ms)
✔ database guard rejects mode, binary and schema bypass through direct legacy SQL (31.76475ms)
✔ source manifest cannot change while runtime is probing (39.450917ms)
✔ source inherited plan cannot change while runtime is probing (30.402417ms)
✔ source declared asset cannot change while runtime is probing (13.253375ms)
✔ source previously absent PDF date cannot change while runtime is probing (37.857083ms)
✔ source manifest and declared dependency digests enter immutable task identity (275.038333ms)
✔ source manifest cannot introduce path traversal or linked inputs before probing (15.901334ms)
✔ ordinary dependency filenames cannot bypass guards through object prototype setters (30.504125ms)
✔ a declared dependency cannot escape its source bundle through a parent directory link (7.609791ms)
✔ execution uses a hash-verified readonly source snapshot while resource identity stays on the user source (228.337083ms)
✔ legacy v1 migration retains an immutable consistent backup and consumed task budget (39.037666ms)
✔ backup directory links are refused before modifying the legacy schema (31.392458ms)
✔ mode-aware state uses a new schema so a schema2-only reader cannot be selected (12.142958ms)
✔ schema2 upgrades keep selection and budgets; the actual previous reader rejects schema3 (38.268208ms)
✔ checked requests use actual decode failures, persist evidence, and cannot be visually promoted (228.10725ms)
✔ unsupported decoding stays pending and all delivered files remain bound (205.57125ms)
✔ checked evidence cannot be injected through the legacy JSON request entry (2.676917ms)
✔ readonly decoder cancellation consumes its shared attempt and does not replay after restart (820.172917ms)
ℹ tests 77
ℹ suites 0
ℹ pass 77
ℹ fail 0
ℹ cancelled 0
ℹ skipped 0
ℹ todo 0
ℹ duration_ms 1647.67275
