✔ final output permission alone does not authorize sibling staging; refusal precedes probe (27.934208ms)
✔ authorized physical roots and request paths stay fixed when a root alias changes during probe (290.189084ms)
✔ caller mutation cannot replace the input fingerprint or broaden authorization after probe starts (41.980084ms)
✔ replacing captured physical root with a new alias cannot redirect execution (23.97675ms)
✔ replacing captured physical output-parent with a new alias cannot redirect execution (48.19875ms)
✔ controller binds a supplied standalone snapshot, records intent and verifies actual files (350.710708ms)
✔ changing a bound brief during execution stops the owned group and retains the unresolved task (440.490916ms)
✔ preview pixel geometry and unspecified units are refused before effects (11.830333ms)
✔ artboard-local controls are verified against native coordinates without previews (1.510458ms)
✔ closure and unit mismatches report real object IDs (0.257417ms)
✔ point, handle and stroke drift cannot be masked by a matching anchor count (0.124833ms)
✔ duplicate binding aliases and missing actual IDs never become successful geometry (0.215959ms)
✔ ambiguous boards and unknown inherited transformations are refused (0.112125ms)
✔ nonfinite controls, duplicate targets and relaxed tolerances fail contract validation (0.588625ms)
✔ single writer keys the source resource, not output path; epochs fence old writers (18.007792ms)
✔ idempotency binds input, authorization and runtime; budget and cancellation persist (7.092584ms)
✔ single-round review binds fresh source, candidate, target and rubric and rejects duplicates (50.309958ms)
✔ strict review JSON rejects duplicate keys, overflow, malformed values and accepts business error (1.227458ms)
✔ revision proposals require actual assessed fields and preserve authorization without claiming independence (48.485583ms)
✔ child tasks share one durable budget and late cancellation receipts are quarantined (11.334083ms)
✔ review request rejects a claimed revision that differs from actual native bytes (13.140833ms)
✔ review binds exchange loss and persists rejection reasons across restart (40.029833ms)
✔ pending reviews survive restart and any bound source, candidate or rubric replacement invalidates acceptance (27.014334ms)
✔ review target and authorization schemas reject undeclared target keys and invalid scopes (18.794625ms)
✔ different source resources cannot claim one physical output in any unresolved state (78.78175ms)
✔ a separate old SQL connection cannot bypass output occupation (20.693416ms)
✔ output occupation is released only for terminal rows; same-key reads remain idempotent (26.601333ms)
✔ durable ownership survives registry restart and stops a TERM-ignoring descendant (470.031958ms)
✔ a forged root identity never authorizes signalling a live group (169.446042ms)
✔ settling a verified interruption fences the previous epoch and never claims delivery (19.697ms)
✔ new or changed original files after inspection keep writer occupation (41.833917ms)
✔ recovery refuses skill before any inspection process or proof (20.357458ms)
✔ recovery refuses plan before any inspection process or proof (35.03375ms)
✔ recovery refuses control before any inspection process or proof (35.615459ms)
✔ recovery refuses missing-control-hash before any inspection process or proof (17.874917ms)
✔ recovery refuses symlink-plan before any inspection process or proof (11.588542ms)
✔ recovery refuses unchanged before any inspection process or proof (13.004417ms)
✔ a review assigned to a durable bounded cycle cannot bypass it through legacy revision (18.957ms)
✔ bounded cycles require checked evidence and immutable valid policy (105.549792ms)
✔ round reservations are idempotent, cannot overlap, and preserve shared budget across restart (75.326542ms)
✔ stagnation stops the cycle and retains a hash-verifiable best candidate (96.25125ms)
✔ an improving last round still stops at the hard limit and retains the new best (138.347416ms)
✔ exhausted shared budget stops durably and cannot be revived by restoring the counter (42.313208ms)
✔ source edits and duplicate field targets cannot issue a revision (41.747458ms)
✔ changed goals stop the cycle while its earlier best remains verifiable (47.333125ms)
✔ runtime drift is rejected before execution intent or another shared attempt (39.453625ms)
✔ default new task probes before claim and refuses missing capability without output or intent (20.892042ms)
✔ default probe binds capabilities; completed same key is readonly and does not reprobe (277.057875ms)
✔ concurrent first use reuses the same selection while another task is running (405.262375ms)
✔ a selection switched during a pending default probe is never silently overwritten (6.027458ms)
✔ actual schema and mode must match; enabled flags do not substitute for signatures (0.717625ms)
✔ activation drains tasks, guards claim atomically, retains previous version and survives restart (33.060459ms)
✔ incompatible rollback and unconfirmed native groups retain active identity (8.198084ms)
✔ bridge selection cannot silently execute a headless Controller task (21.132125ms)
✔ every unresolved task state prevents activation (26.549125ms)
✔ an explicitly bridge-bound native task registers against its selected bridge runtime (9.663ms)
✔ inherited schema2 selection cannot claim or bypass drain during schema3 initialization (8.127083ms)
✔ selected runtime identity is checked inside the task claim transaction (22.979375ms)
✔ migration preserves original WAL selection, consumed shared budget and task rows in both snapshot and schema3 (42.571542ms)
✔ database guard rejects mode, binary and schema bypass through direct legacy SQL (10.26225ms)
✔ source manifest cannot change while runtime is probing (30.691583ms)
✔ source inherited plan cannot change while runtime is probing (26.691583ms)
✔ source declared asset cannot change while runtime is probing (21.947ms)
✔ source previously absent PDF date cannot change while runtime is probing (31.613667ms)
✔ source manifest and declared dependency digests enter immutable task identity (274.352833ms)
✔ source manifest cannot introduce path traversal or linked inputs before probing (11.597917ms)
✔ ordinary dependency filenames cannot bypass guards through object prototype setters (7.345333ms)
✔ a declared dependency cannot escape its source bundle through a parent directory link (4.517458ms)
✔ execution uses a hash-verified readonly source snapshot while resource identity stays on the user source (192.95425ms)
✔ legacy v1 migration retains an immutable consistent backup and consumed task budget (34.276958ms)
✔ backup directory links are refused before modifying the legacy schema (21.744042ms)
✔ mode-aware state uses a new schema so a schema2-only reader cannot be selected (10.5665ms)
✔ schema2 upgrades keep selection and budgets; the actual previous reader rejects schema3 (17.335708ms)
✔ checked requests use actual decode failures, persist evidence, and cannot be visually promoted (200.672542ms)
✔ unsupported decoding stays pending and all delivered files remain bound (168.943792ms)
✔ checked evidence cannot be injected through the legacy JSON request entry (3.052791ms)
✔ readonly decoder cancellation consumes its shared attempt and does not replay after restart (809.4755ms)
ℹ tests 77
ℹ suites 0
ℹ pass 77
ℹ fail 0
ℹ cancelled 0
ℹ skipped 0
ℹ todo 0
ℹ duration_ms 1571.22525
