✖ expired ready resume requests cancellation instead of preparing or launching again (13.309416ms)
ℹ tests 1
ℹ suites 0
ℹ pass 0
ℹ fail 1
ℹ cancelled 0
ℹ skipped 0
ℹ todo 0
ℹ duration_ms 94.633333

✖ failing tests:

test at tests/deadline_resume.test.ts:8:1
✖ expired ready resume requests cancellation instead of preparing or launching again (13.309416ms)
  AssertionError [ERR_ASSERTION]: Expected values to be strictly equal:
  + actual - expected

  + 'ready'
  - 'cancel_requested'

      at TestContext.<anonymous> (file://<plugin-root>/tests/deadline_resume.test.ts:16:100)
      at async Test.run (node:internal/test_runner/test:1332:7)
      at async startSubtestAfterBootstrap (node:internal/test_runner/harness:385:3) {
    generatedMessage: true,
    code: 'ERR_ASSERTION',
    actual: 'ready',
    expected: 'cancel_requested',
    operator: 'strictEqual',
    diff: 'simple'
  }
