
> test
> node --test tests/*.test.ts

✔ final output permission alone does not authorize sibling staging; refusal precedes probe (19.0315ms)
✔ authorized physical roots and request paths stay fixed when a root alias changes during probe (538.703833ms)
✔ caller mutation cannot replace the input fingerprint or broaden authorization after probe starts (21.141292ms)
✔ replacing captured physical root with a new alias cannot redirect execution (13.04975ms)
✔ replacing captured physical output-parent with a new alias cannot redirect execution (49.138875ms)
✔ controller binds a supplied standalone snapshot, records intent and verifies actual files (548.31725ms)
✔ changing a bound brief during execution stops the owned group and retains the unresolved task (586.451083ms)
✔ expired ready resume requests cancellation instead of preparing or launching again (61.872958ms)
✔ preview pixel geometry and unspecified units are refused before effects (44.596ms)
✔ artboard-local controls are verified against native coordinates without previews (2.210917ms)
✔ closure and unit mismatches report real object IDs (0.375459ms)
✔ point, handle and stroke drift cannot be masked by a matching anchor count (0.146042ms)
✔ duplicate binding aliases and missing actual IDs never become successful geometry (0.222583ms)
✔ ambiguous boards and unknown inherited transformations are refused (0.116792ms)
✔ nonfinite controls, duplicate targets and relaxed tolerances fail contract validation (0.195084ms)
✔ single writer keys the source resource, not output path; epochs fence old writers (54.968333ms)
✔ idempotency binds input, authorization and runtime; budget and cancellation persist (40.630875ms)
✔ single-round review binds fresh source, candidate, target and rubric and rejects duplicates (42.720583ms)
✔ strict review JSON rejects duplicate keys, overflow, malformed values and accepts business error (0.640875ms)
✔ revision proposals require actual assessed fields and preserve authorization without claiming independence (44.020417ms)
✔ child tasks share one durable budget and late cancellation receipts are quarantined (10.916125ms)
✔ review request rejects a claimed revision that differs from actual native bytes (28.582666ms)
✔ review binds exchange loss and persists rejection reasons across restart (48.599583ms)
✔ pending reviews survive restart and any bound source, candidate or rubric replacement invalidates acceptance (95.212667ms)
✔ review target and authorization schemas reject undeclared target keys and invalid scopes (16.223084ms)
✔ unlaunched ready task can be sealed and late intent cannot reserve budget (13.444416ms)
✔ GO needs registered process and intent; authorized GO cannot become unlaunched (13.737625ms)
✔ sealing submitted task retains reservation and prevents late GO (36.735792ms)
✔ missing new protocol gate is not proof of no native execution (35.465458ms)
✔ independent SQLite connections serialize sealing against GO authorization (31.810375ms)
✔ legacy tasks do not acquire a no-GO conclusion retroactively (15.299334ms)
✔ deadline expiry between intent and GO refuses launch without resetting consumed budget (12.425667ms)
✔ different source resources cannot claim one physical output in any unresolved state (49.57725ms)
✔ a separate old SQL connection cannot bypass output occupation (3.377292ms)
✔ output occupation is released only for terminal rows; same-key reads remain idempotent (4.111458ms)
✔ durable ownership survives registry restart and stops a TERM-ignoring descendant (786.764208ms)
✔ a forged root identity never authorizes signalling a live group (239.816083ms)
✔ settling a verified interruption fences the previous epoch and never claims delivery (45.770625ms)
✔ new or changed original files after inspection keep writer occupation (76.920583ms)
✔ receipt changes after inspection and old proofs without step identity retain occupation (50.890292ms)
✔ recovery refuses skill before any inspection process or proof (40.176541ms)
✔ recovery refuses plan before any inspection process or proof (29.32075ms)
✔ recovery refuses control before any inspection process or proof (35.077917ms)
✔ recovery refuses missing-control-hash before any inspection process or proof (16.713291ms)
✔ recovery refuses symlink-plan before any inspection process or proof (43.186625ms)
✔ recovery refuses unchanged before any inspection process or proof (60.363542ms)
✔ recovery refuses source-edited before any inspection process or proof (12.544917ms)
✔ recovery refuses source-deleted before any inspection process or proof (15.204791ms)
✔ recovery refuses source-added before any inspection process or proof (27.357709ms)
✔ recovery refuses source-symlink before any inspection process or proof (94.901333ms)
✔ recovery refuses source-missing-directory before any inspection process or proof (24.502ms)
✔ recovery refuses source-missing-hash before any inspection process or proof (5.664916ms)
✔ recovery refuses source-unchanged before any inspection process or proof (34.613375ms)
✔ recovery refuses persisted receipt manifest-missing before native inspection (52.549917ms)
✔ recovery refuses persisted receipt manifest-changed before native inspection (33.324666ms)
✔ recovery refuses persisted receipt artifact-changed before native inspection (42.065416ms)
✔ recovery refuses persisted receipt runtime before native inspection (12.695125ms)
✔ recovery refuses persisted receipt malformed before native inspection (81.619625ms)
✔ recovery refuses persisted receipt invalid-state before native inspection (28.657667ms)
✔ recovery refuses persisted receipt missing-result before native inspection (13.554167ms)
✔ recovery valid reaches the subsequent runtime identity gate (61.083417ms)
✔ recovery no-receipt reaches the subsequent runtime identity gate (34.688166ms)
✔ recovery prepared-valid reaches the subsequent runtime identity gate (10.554459ms)
✔ recovery refuses prepared-wrong-output without launching native inspection (6.391291ms)
✔ recovery refuses prepared-bad-digest without launching native inspection (8.877375ms)
✔ a review assigned to a durable bounded cycle cannot bypass it through legacy revision (19.231833ms)
✔ bounded cycles require checked evidence and immutable valid policy (130.256083ms)
✔ round reservations are idempotent, cannot overlap, and preserve shared budget across restart (118.387958ms)
✔ stagnation stops the cycle and retains a hash-verifiable best candidate (150.092209ms)
✔ an improving last round still stops at the hard limit and retains the new best (201.659083ms)
✔ exhausted shared budget stops durably and cannot be revived by restoring the counter (109.656458ms)
✔ source edits and duplicate field targets cannot issue a revision (96.418584ms)
✔ changed goals stop the cycle while its earlier best remains verifiable (65.02625ms)
✔ runtime drift is rejected before execution intent or another shared attempt (49.530833ms)
✔ default new task probes before claim and refuses missing capability without output or intent (20.007875ms)
✔ default probe binds capabilities; completed same key is readonly and does not reprobe (446.712166ms)
✔ concurrent first use reuses the same selection while another task is running (602.691834ms)
✔ a selection switched during a pending default probe is never silently overwritten (19.733416ms)
✔ actual schema and mode must match; enabled flags do not substitute for signatures (1.898042ms)
✔ activation drains tasks, guards claim atomically, retains previous version and survives restart (51.293792ms)
✔ incompatible rollback and unconfirmed native groups retain active identity (54.424542ms)
✔ bridge selection cannot silently execute a headless Controller task (20.734958ms)
✔ every unresolved task state prevents activation (15.182167ms)
✔ an explicitly bridge-bound native task registers against its selected bridge runtime (4.791125ms)
✔ inherited schema2 selection cannot claim or bypass drain during schema3 initialization (15.462084ms)
✔ selected runtime identity is checked inside the task claim transaction (46.681459ms)
✔ migration preserves original WAL selection, consumed shared budget and task rows in both snapshot and schema3 (55.133ms)
✔ database guard rejects mode, binary and schema bypass through direct legacy SQL (14.993833ms)
✔ shared cancellation reaches running and ready children, fences future admission and retains budget across restart (29.732792ms)
✔ private cancellation leaves independent and already reviewed tasks untouched (19.769417ms)
✔ database guards reject stale readers admitting cancelled-budget tasks or native steps (15.483541ms)
✔ spent shared output budget rejects a new dependent task before admission (11.609541ms)
✔ one failed stop observation still persists cancellation and attempts the other group (89.339334ms)
✔ source manifest cannot change while runtime is probing (101.573792ms)
✔ source inherited plan cannot change while runtime is probing (78.132125ms)
✔ source declared asset cannot change while runtime is probing (73.2465ms)
✔ source previously absent PDF date cannot change while runtime is probing (51.20075ms)
✔ source manifest and declared dependency digests enter immutable task identity (346.392042ms)
✔ source manifest cannot introduce path traversal or linked inputs before probing (10.990334ms)
✔ ordinary dependency filenames cannot bypass guards through object prototype setters (8.59475ms)
✔ a declared dependency cannot escape its source bundle through a parent directory link (6.75025ms)
✔ execution uses a hash-verified readonly source snapshot while resource identity stays on the user source (200.330459ms)
✔ legacy v1 migration retains an immutable consistent backup and consumed task budget (100.078917ms)
✔ backup directory links are refused before modifying the legacy schema (6.427792ms)
✔ mode-aware state uses a new schema so a schema2-only reader cannot be selected (5.538042ms)
✔ schema2 upgrades keep selection and budgets; the actual previous reader rejects schema3 (134.938208ms)
✔ checked requests use actual decode failures, persist evidence, and cannot be visually promoted (426.617291ms)
✔ unsupported decoding stays pending and all delivered files remain bound (183.408666ms)
✔ checked evidence cannot be injected through the legacy JSON request entry (3.029333ms)
✔ readonly decoder cancellation consumes its shared attempt and does not replay after restart (824.758375ms)
✔ ready crash seals launch and verifies no source/no output without inventing native inspection (80.275792ms)
✔ unlaunched recovery refuses new output and retains occupation (54.2275ms)
✔ unlaunched settlement refuses plan or launch gate changed after inspection (29.478583ms)
✔ submitted but unlaunched crash still requires recorded execution snapshot identity (64.434542ms)
✔ cancelling an unlaunched ready task persists state even before snapshot directory creation (65.042459ms)
ℹ tests 115
ℹ suites 0
ℹ pass 115
ℹ fail 0
ℹ cancelled 0
ℹ skipped 0
ℹ todo 0
ℹ duration_ms 2212.120208
