✔ final output permission alone does not authorize sibling staging; refusal precedes probe (13.957291ms)
✔ authorized physical roots and request paths stay fixed when a root alias changes during probe (472.517666ms)
✔ caller mutation cannot replace the input fingerprint or broaden authorization after probe starts (21.7245ms)
✔ replacing captured physical root with a new alias cannot redirect execution (83.640625ms)
✔ replacing captured physical output-parent with a new alias cannot redirect execution (52.205542ms)
✔ controller binds a supplied standalone snapshot, records intent and verifies actual files (597.831667ms)
✔ changing a bound brief during execution stops the owned group and retains the unresolved task (506.833958ms)
✔ expired ready resume requests cancellation instead of preparing or launching again (78.412959ms)
✔ preview pixel geometry and unspecified units are refused before effects (37.136416ms)
✔ artboard-local controls are verified against native coordinates without previews (1.941667ms)
✔ closure and unit mismatches report real object IDs (0.285666ms)
✔ point, handle and stroke drift cannot be masked by a matching anchor count (0.126083ms)
✔ duplicate binding aliases and missing actual IDs never become successful geometry (0.206834ms)
✔ ambiguous boards and unknown inherited transformations are refused (1.392417ms)
✔ nonfinite controls, duplicate targets and relaxed tolerances fail contract validation (0.446833ms)
✔ single writer keys the source resource, not output path; epochs fence old writers (25.712375ms)
✔ idempotency binds input, authorization and runtime; budget and cancellation persist (29.512583ms)
✔ single-round review binds fresh source, candidate, target and rubric and rejects duplicates (30.798541ms)
✔ strict review JSON rejects duplicate keys, overflow, malformed values and accepts business error (0.89025ms)
✔ revision proposals require actual assessed fields and preserve authorization without claiming independence (20.703459ms)
✔ child tasks share one durable budget and late cancellation receipts are quarantined (23.919875ms)
✔ review request rejects a claimed revision that differs from actual native bytes (12.451625ms)
✔ review binds exchange loss and persists rejection reasons across restart (16.127ms)
✔ pending reviews survive restart and any bound source, candidate or rubric replacement invalidates acceptance (26.961542ms)
✔ review target and authorization schemas reject undeclared target keys and invalid scopes (3.777792ms)
✔ unlaunched ready task can be sealed and late intent cannot reserve budget (24.561833ms)
✔ GO needs registered process and intent; authorized GO cannot become unlaunched (44.926ms)
✔ sealing submitted task retains reservation and prevents late GO (20.0665ms)
✔ missing new protocol gate is not proof of no native execution (19.79525ms)
✔ independent SQLite connections serialize sealing against GO authorization (8.410542ms)
✔ legacy tasks do not acquire a no-GO conclusion retroactively (4.424834ms)
✔ deadline expiry between intent and GO refuses launch without resetting consumed budget (11.903125ms)
✔ different source resources cannot claim one physical output in any unresolved state (37.013417ms)
✔ a separate old SQL connection cannot bypass output occupation (23.547583ms)
✔ output occupation is released only for terminal rows; same-key reads remain idempotent (10.303542ms)
✔ durable ownership survives registry restart and stops a TERM-ignoring descendant (526.976667ms)
✔ a forged root identity never authorizes signalling a live group (161.035625ms)
✔ settling a verified interruption fences the previous epoch and never claims delivery (20.6625ms)
✔ new or changed original files after inspection keep writer occupation (30.170625ms)
✔ receipt changes after inspection and old proofs without step identity retain occupation (77.414416ms)
✔ recovery refuses skill before any inspection process or proof (57.519458ms)
✔ recovery refuses plan before any inspection process or proof (18.563958ms)
✔ recovery refuses control before any inspection process or proof (14.894791ms)
✔ recovery refuses missing-control-hash before any inspection process or proof (12.645333ms)
✔ recovery refuses symlink-plan before any inspection process or proof (23.860542ms)
✔ recovery refuses unchanged before any inspection process or proof (12.876416ms)
✔ recovery refuses source-edited before any inspection process or proof (39.367125ms)
✔ recovery refuses source-deleted before any inspection process or proof (11.281333ms)
✔ recovery refuses source-added before any inspection process or proof (7.674292ms)
✔ recovery refuses source-symlink before any inspection process or proof (80.777334ms)
✔ recovery refuses source-missing-directory before any inspection process or proof (18.080792ms)
✔ recovery refuses source-missing-hash before any inspection process or proof (27.514458ms)
✔ recovery refuses source-unchanged before any inspection process or proof (7.570875ms)
✔ recovery refuses persisted receipt manifest-missing before native inspection (64.39975ms)
✔ recovery refuses persisted receipt manifest-changed before native inspection (28.560833ms)
✔ recovery refuses persisted receipt artifact-changed before native inspection (42.014583ms)
✔ recovery refuses persisted receipt runtime before native inspection (7.840292ms)
✔ recovery refuses persisted receipt malformed before native inspection (13.083667ms)
✔ recovery refuses persisted receipt invalid-state before native inspection (12.041ms)
✔ recovery refuses persisted receipt missing-result before native inspection (11.796542ms)
✔ recovery valid reaches the subsequent runtime identity gate (15.870708ms)
✔ recovery no-receipt reaches the subsequent runtime identity gate (12.519292ms)
✔ recovery prepared-valid reaches the subsequent runtime identity gate (39.4405ms)
✔ recovery refuses prepared-wrong-output without launching native inspection (26.76575ms)
✔ recovery refuses prepared-bad-digest without launching native inspection (16.733ms)
✔ a review assigned to a durable bounded cycle cannot bypass it through legacy revision (10.216625ms)
✔ bounded cycles require checked evidence and immutable valid policy (118.494459ms)
✔ round reservations are idempotent, cannot overlap, and preserve shared budget across restart (131.498833ms)
✔ stagnation stops the cycle and retains a hash-verifiable best candidate (280.480875ms)
✔ an improving last round still stops at the hard limit and retains the new best (134.147833ms)
✔ exhausted shared budget stops durably and cannot be revived by restoring the counter (102.891083ms)
✔ source edits and duplicate field targets cannot issue a revision (56.200875ms)
✔ changed goals stop the cycle while its earlier best remains verifiable (45.987834ms)
✔ runtime drift is rejected before execution intent or another shared attempt (45.837166ms)
✔ default new task probes before claim and refuses missing capability without output or intent (15.569625ms)
✔ default probe binds capabilities; completed same key is readonly and does not reprobe (401.110375ms)
✔ concurrent first use reuses the same selection while another task is running (499.644542ms)
✔ a selection switched during a pending default probe is never silently overwritten (8.721417ms)
✔ actual schema and mode must match; enabled flags do not substitute for signatures (0.776208ms)
✔ activation drains tasks, guards claim atomically, retains previous version and survives restart (10.766625ms)
✔ incompatible rollback and unconfirmed native groups retain active identity (11.334958ms)
✔ bridge selection cannot silently execute a headless Controller task (4.454834ms)
✔ every unresolved task state prevents activation (4.657625ms)
✔ an explicitly bridge-bound native task registers against its selected bridge runtime (3.881125ms)
✔ inherited schema2 selection cannot claim or bypass drain during schema3 initialization (7.656292ms)
✔ selected runtime identity is checked inside the task claim transaction (7.29675ms)
✔ migration preserves original WAL selection, consumed shared budget and task rows in both snapshot and schema3 (52.836667ms)
✔ database guard rejects mode, binary and schema bypass through direct legacy SQL (9.890875ms)
✔ shared cancellation reaches running and ready children, fences future admission and retains budget across restart (17.345541ms)
✔ private cancellation leaves independent and already reviewed tasks untouched (5.156709ms)
✔ database guards reject stale readers admitting cancelled-budget tasks or native steps (3.486209ms)
✔ spent shared output budget rejects a new dependent task before admission (18.876083ms)
✔ one failed stop observation still persists cancellation and attempts the other group (118.676333ms)
✔ source manifest cannot change while runtime is probing (19.51375ms)
✔ source inherited plan cannot change while runtime is probing (21.983875ms)
✔ source declared asset cannot change while runtime is probing (36.951542ms)
✔ source previously absent PDF date cannot change while runtime is probing (17.039541ms)
✔ source manifest and declared dependency digests enter immutable task identity (289.327333ms)
✔ source manifest cannot introduce path traversal or linked inputs before probing (46.520166ms)
✔ ordinary dependency filenames cannot bypass guards through object prototype setters (41.097666ms)
✔ a declared dependency cannot escape its source bundle through a parent directory link (21.096959ms)
✔ execution uses a hash-verified readonly source snapshot while resource identity stays on the user source (342.254333ms)
✔ legacy v1 migration retains an immutable consistent backup and consumed task budget (51.760208ms)
✔ backup directory links are refused before modifying the legacy schema (4.376709ms)
✔ mode-aware state uses a new schema so a schema2-only reader cannot be selected (6.241084ms)
✔ schema2 upgrades keep selection and budgets; the actual previous reader rejects schema3 (46.204916ms)
✔ checked requests use actual decode failures, persist evidence, and cannot be visually promoted (292.240417ms)
✔ unsupported decoding stays pending and all delivered files remain bound (229.281584ms)
✔ checked evidence cannot be injected through the legacy JSON request entry (56.340708ms)
✔ readonly decoder cancellation consumes its shared attempt and does not replay after restart (832.105291ms)
✔ ready crash seals launch and verifies no source/no output without inventing native inspection (43.644208ms)
✔ unlaunched recovery refuses new output and retains occupation (74.33225ms)
✔ unlaunched settlement refuses plan or launch gate changed after inspection (80.913625ms)
✔ submitted but unlaunched crash still requires recorded execution snapshot identity (48.879625ms)
✔ cancelling an unlaunched ready task persists state even before snapshot directory creation (90.2345ms)
ℹ tests 115
ℹ suites 0
ℹ pass 115
ℹ fail 0
ℹ cancelled 0
ℹ skipped 0
ℹ todo 0
ℹ duration_ms 2016.808666
