✔ final output permission alone does not authorize sibling staging; refusal precedes probe (20.334458ms)
✔ authorized physical roots and request paths stay fixed when a root alias changes during probe (424.088416ms)
✔ caller mutation cannot replace the input fingerprint or broaden authorization after probe starts (22.372625ms)
✔ replacing captured physical root with a new alias cannot redirect execution (34.42525ms)
✔ replacing captured physical output-parent with a new alias cannot redirect execution (37.861291ms)
✔ controller binds a supplied standalone snapshot, records intent and verifies actual files (448.443583ms)
✔ changing a bound brief during execution stops the owned group and retains the unresolved task (438.255333ms)
✔ preview pixel geometry and unspecified units are refused before effects (20.084875ms)
✔ artboard-local controls are verified against native coordinates without previews (1.155542ms)
✔ closure and unit mismatches report real object IDs (1.002583ms)
✔ point, handle and stroke drift cannot be masked by a matching anchor count (0.17075ms)
✔ duplicate binding aliases and missing actual IDs never become successful geometry (0.234667ms)
✔ ambiguous boards and unknown inherited transformations are refused (0.118959ms)
✔ nonfinite controls, duplicate targets and relaxed tolerances fail contract validation (0.186958ms)
✔ single writer keys the source resource, not output path; epochs fence old writers (29.1475ms)
✔ idempotency binds input, authorization and runtime; budget and cancellation persist (12.718084ms)
✔ single-round review binds fresh source, candidate, target and rubric and rejects duplicates (19.568375ms)
✔ strict review JSON rejects duplicate keys, overflow, malformed values and accepts business error (1.151459ms)
✔ revision proposals require actual assessed fields and preserve authorization without claiming independence (76.390875ms)
✔ child tasks share one durable budget and late cancellation receipts are quarantined (25.8505ms)
✔ review request rejects a claimed revision that differs from actual native bytes (11.353916ms)
✔ review binds exchange loss and persists rejection reasons across restart (26.203917ms)
✔ pending reviews survive restart and any bound source, candidate or rubric replacement invalidates acceptance (67.423209ms)
✔ review target and authorization schemas reject undeclared target keys and invalid scopes (28.942375ms)
✔ different source resources cannot claim one physical output in any unresolved state (43.231042ms)
✔ a separate old SQL connection cannot bypass output occupation (34.279167ms)
✔ output occupation is released only for terminal rows; same-key reads remain idempotent (39.126041ms)
✔ durable ownership survives registry restart and stops a TERM-ignoring descendant (489.836958ms)
✔ a forged root identity never authorizes signalling a live group (176.036209ms)
✔ settling a verified interruption fences the previous epoch and never claims delivery (16.421375ms)
✔ new or changed original files after inspection keep writer occupation (73.604875ms)
✔ recovery refuses skill before any inspection process or proof (78.777791ms)
✔ recovery refuses plan before any inspection process or proof (21.38975ms)
✔ recovery refuses control before any inspection process or proof (22.61ms)
✔ recovery refuses missing-control-hash before any inspection process or proof (62.32225ms)
✔ recovery refuses symlink-plan before any inspection process or proof (15.264041ms)
✔ recovery refuses unchanged before any inspection process or proof (5.185875ms)
✔ recovery refuses source-edited before any inspection process or proof (4.792ms)
✔ recovery refuses source-deleted before any inspection process or proof (20.714875ms)
✔ recovery refuses source-added before any inspection process or proof (20.63175ms)
✔ recovery refuses source-symlink before any inspection process or proof (16.8ms)
✔ recovery refuses source-missing-directory before any inspection process or proof (67.852833ms)
✔ recovery refuses source-missing-hash before any inspection process or proof (73.303042ms)
✔ recovery refuses source-unchanged before any inspection process or proof (22.883333ms)
✔ a review assigned to a durable bounded cycle cannot bypass it through legacy revision (17.967458ms)
✔ bounded cycles require checked evidence and immutable valid policy (120.1975ms)
✔ round reservations are idempotent, cannot overlap, and preserve shared budget across restart (88.897042ms)
✔ stagnation stops the cycle and retains a hash-verifiable best candidate (208.973ms)
✔ an improving last round still stops at the hard limit and retains the new best (158.023209ms)
✔ exhausted shared budget stops durably and cannot be revived by restoring the counter (47.541625ms)
✔ source edits and duplicate field targets cannot issue a revision (54.793459ms)
✔ changed goals stop the cycle while its earlier best remains verifiable (53.078208ms)
✔ runtime drift is rejected before execution intent or another shared attempt (70.86525ms)
✔ default new task probes before claim and refuses missing capability without output or intent (23.567417ms)
✔ default probe binds capabilities; completed same key is readonly and does not reprobe (364.894042ms)
✔ concurrent first use reuses the same selection while another task is running (465.87275ms)
✔ a selection switched during a pending default probe is never silently overwritten (6.770875ms)
✔ actual schema and mode must match; enabled flags do not substitute for signatures (1.118708ms)
✔ activation drains tasks, guards claim atomically, retains previous version and survives restart (34.376542ms)
✔ incompatible rollback and unconfirmed native groups retain active identity (19.176542ms)
✔ bridge selection cannot silently execute a headless Controller task (6.231292ms)
✔ every unresolved task state prevents activation (23.875708ms)
✔ an explicitly bridge-bound native task registers against its selected bridge runtime (53.059166ms)
✔ inherited schema2 selection cannot claim or bypass drain during schema3 initialization (32.546584ms)
✔ selected runtime identity is checked inside the task claim transaction (27.043875ms)
✔ migration preserves original WAL selection, consumed shared budget and task rows in both snapshot and schema3 (36.861083ms)
✔ database guard rejects mode, binary and schema bypass through direct legacy SQL (7.903125ms)
✔ source manifest cannot change while runtime is probing (33.231375ms)
✔ source inherited plan cannot change while runtime is probing (25.655417ms)
✔ source declared asset cannot change while runtime is probing (20.818375ms)
✔ source previously absent PDF date cannot change while runtime is probing (22.491875ms)
✔ source manifest and declared dependency digests enter immutable task identity (332.958958ms)
✔ source manifest cannot introduce path traversal or linked inputs before probing (46.253625ms)
✔ ordinary dependency filenames cannot bypass guards through object prototype setters (22.114458ms)
✔ a declared dependency cannot escape its source bundle through a parent directory link (25.084542ms)
✔ execution uses a hash-verified readonly source snapshot while resource identity stays on the user source (222.914292ms)
✔ legacy v1 migration retains an immutable consistent backup and consumed task budget (38.679292ms)
✔ backup directory links are refused before modifying the legacy schema (26.925625ms)
✔ mode-aware state uses a new schema so a schema2-only reader cannot be selected (31.454125ms)
✔ schema2 upgrades keep selection and budgets; the actual previous reader rejects schema3 (86.474ms)
✔ checked requests use actual decode failures, persist evidence, and cannot be visually promoted (224.503416ms)
✔ unsupported decoding stays pending and all delivered files remain bound (222.327333ms)
✔ checked evidence cannot be injected through the legacy JSON request entry (3.083375ms)
✔ readonly decoder cancellation consumes its shared attempt and does not replay after restart (772.5575ms)
ℹ tests 84
ℹ suites 0
ℹ pass 84
ℹ fail 0
ℹ cancelled 0
ℹ skipped 0
ℹ todo 0
ℹ duration_ms 1675.233209
