✔ final output permission alone does not authorize sibling staging; refusal precedes probe (11.268333ms)
✔ authorized physical roots and request paths stay fixed when a root alias changes during probe (425.766333ms)
✔ caller mutation cannot replace the input fingerprint or broaden authorization after probe starts (22.54875ms)
✔ replacing captured physical root with a new alias cannot redirect execution (26.060834ms)
✔ replacing captured physical output-parent with a new alias cannot redirect execution (9.108875ms)
✔ controller binds a supplied standalone snapshot, records intent and verifies actual files (480.888875ms)
✔ changing a bound brief during execution stops the owned group and retains the unresolved task (419.208333ms)
✔ preview pixel geometry and unspecified units are refused before effects (9.904916ms)
✔ artboard-local controls are verified against native coordinates without previews (0.80275ms)
✔ closure and unit mismatches report real object IDs (0.244834ms)
✔ point, handle and stroke drift cannot be masked by a matching anchor count (0.120292ms)
✔ duplicate binding aliases and missing actual IDs never become successful geometry (0.206125ms)
✔ ambiguous boards and unknown inherited transformations are refused (0.1105ms)
✔ nonfinite controls, duplicate targets and relaxed tolerances fail contract validation (0.177834ms)
✔ single writer keys the source resource, not output path; epochs fence old writers (38.522459ms)
✔ idempotency binds input, authorization and runtime; budget and cancellation persist (59.916291ms)
✔ single-round review binds fresh source, candidate, target and rubric and rejects duplicates (37.127084ms)
✔ strict review JSON rejects duplicate keys, overflow, malformed values and accepts business error (0.624291ms)
✔ revision proposals require actual assessed fields and preserve authorization without claiming independence (21.356292ms)
✔ child tasks share one durable budget and late cancellation receipts are quarantined (16.078083ms)
✔ review request rejects a claimed revision that differs from actual native bytes (5.634625ms)
✔ review binds exchange loss and persists rejection reasons across restart (16.822125ms)
✔ pending reviews survive restart and any bound source, candidate or rubric replacement invalidates acceptance (35.445292ms)
✔ review target and authorization schemas reject undeclared target keys and invalid scopes (19.335ms)
✔ different source resources cannot claim one physical output in any unresolved state (46.931542ms)
✔ a separate old SQL connection cannot bypass output occupation (4.57125ms)
✔ output occupation is released only for terminal rows; same-key reads remain idempotent (4.434667ms)
✔ durable ownership survives registry restart and stops a TERM-ignoring descendant (536.829834ms)
✔ a forged root identity never authorizes signalling a live group (185.17675ms)
✔ settling a verified interruption fences the previous epoch and never claims delivery (8.444625ms)
✔ new or changed original files after inspection keep writer occupation (20.796625ms)
✔ recovery refuses skill before any inspection process or proof (40.149708ms)
✔ recovery refuses plan before any inspection process or proof (45.728791ms)
✔ recovery refuses control before any inspection process or proof (37.346625ms)
✔ recovery refuses missing-control-hash before any inspection process or proof (24.373875ms)
✔ recovery refuses symlink-plan before any inspection process or proof (12.573875ms)
✔ recovery refuses unchanged before any inspection process or proof (24.502167ms)
✔ recovery refuses source-edited before any inspection process or proof (23.915959ms)
✔ recovery refuses source-deleted before any inspection process or proof (31.313541ms)
✔ recovery refuses source-added before any inspection process or proof (20.896458ms)
✔ recovery refuses source-symlink before any inspection process or proof (13.6575ms)
✔ recovery refuses source-missing-directory before any inspection process or proof (46.346125ms)
✔ recovery refuses source-missing-hash before any inspection process or proof (40.242209ms)
✔ recovery refuses source-unchanged before any inspection process or proof (6.069083ms)
✔ a review assigned to a durable bounded cycle cannot bypass it through legacy revision (29.395042ms)
✔ bounded cycles require checked evidence and immutable valid policy (105.21025ms)
✔ round reservations are idempotent, cannot overlap, and preserve shared budget across restart (126.916042ms)
✔ stagnation stops the cycle and retains a hash-verifiable best candidate (169.125625ms)
✔ an improving last round still stops at the hard limit and retains the new best (125.351917ms)
✔ exhausted shared budget stops durably and cannot be revived by restoring the counter (54.849ms)
✔ source edits and duplicate field targets cannot issue a revision (59.457709ms)
✔ changed goals stop the cycle while its earlier best remains verifiable (88.922042ms)
✔ runtime drift is rejected before execution intent or another shared attempt (58.425208ms)
✔ default new task probes before claim and refuses missing capability without output or intent (11.448958ms)
✔ default probe binds capabilities; completed same key is readonly and does not reprobe (461.98ms)
✔ concurrent first use reuses the same selection while another task is running (415.849833ms)
✔ a selection switched during a pending default probe is never silently overwritten (6.626041ms)
✔ actual schema and mode must match; enabled flags do not substitute for signatures (0.719041ms)
✔ activation drains tasks, guards claim atomically, retains previous version and survives restart (12.098917ms)
✔ incompatible rollback and unconfirmed native groups retain active identity (4.137625ms)
✔ bridge selection cannot silently execute a headless Controller task (3.62475ms)
✔ every unresolved task state prevents activation (10.133ms)
✔ an explicitly bridge-bound native task registers against its selected bridge runtime (21.778333ms)
✔ inherited schema2 selection cannot claim or bypass drain during schema3 initialization (40.179208ms)
✔ selected runtime identity is checked inside the task claim transaction (26.6905ms)
✔ migration preserves original WAL selection, consumed shared budget and task rows in both snapshot and schema3 (47.730958ms)
✔ database guard rejects mode, binary and schema bypass through direct legacy SQL (9.176167ms)
✔ source manifest cannot change while runtime is probing (15.651125ms)
✔ source inherited plan cannot change while runtime is probing (30.00275ms)
✔ source declared asset cannot change while runtime is probing (27.115083ms)
✔ source previously absent PDF date cannot change while runtime is probing (15.578584ms)
✔ source manifest and declared dependency digests enter immutable task identity (290.411042ms)
✔ source manifest cannot introduce path traversal or linked inputs before probing (33.117708ms)
✔ ordinary dependency filenames cannot bypass guards through object prototype setters (10.137125ms)
✔ a declared dependency cannot escape its source bundle through a parent directory link (14.692875ms)
✔ execution uses a hash-verified readonly source snapshot while resource identity stays on the user source (262.995208ms)
✔ legacy v1 migration retains an immutable consistent backup and consumed task budget (36.561791ms)
✔ backup directory links are refused before modifying the legacy schema (9.730125ms)
✔ mode-aware state uses a new schema so a schema2-only reader cannot be selected (6.501209ms)
✔ schema2 upgrades keep selection and budgets; the actual previous reader rejects schema3 (65.203709ms)
✔ checked requests use actual decode failures, persist evidence, and cannot be visually promoted (274.319666ms)
✔ unsupported decoding stays pending and all delivered files remain bound (182.004666ms)
✔ checked evidence cannot be injected through the legacy JSON request entry (7.48375ms)
✔ readonly decoder cancellation consumes its shared attempt and does not replay after restart (814.583834ms)
ℹ tests 84
ℹ suites 0
ℹ pass 84
ℹ fail 0
ℹ cancelled 0
ℹ skipped 0
ℹ todo 0
ℹ duration_ms 1818.436
