✔ final output permission alone does not authorize sibling staging; refusal precedes probe (12.063833ms)
✔ authorized physical roots and request paths stay fixed when a root alias changes during probe (433.06625ms)
✔ caller mutation cannot replace the input fingerprint or broaden authorization after probe starts (39.029208ms)
✔ replacing captured physical root with a new alias cannot redirect execution (73.54275ms)
✔ replacing captured physical output-parent with a new alias cannot redirect execution (44.578958ms)
✔ controller binds a supplied standalone snapshot, records intent and verifies actual files (574.969292ms)
✔ changing a bound brief during execution stops the owned group and retains the unresolved task (564.810375ms)
✔ preview pixel geometry and unspecified units are refused before effects (60.932292ms)
✔ artboard-local controls are verified against native coordinates without previews (1.014375ms)
✔ closure and unit mismatches report real object IDs (0.479083ms)
✔ point, handle and stroke drift cannot be masked by a matching anchor count (0.18825ms)
✔ duplicate binding aliases and missing actual IDs never become successful geometry (0.240625ms)
✔ ambiguous boards and unknown inherited transformations are refused (0.11675ms)
✔ nonfinite controls, duplicate targets and relaxed tolerances fail contract validation (0.192625ms)
✔ single writer keys the source resource, not output path; epochs fence old writers (36.178792ms)
✔ idempotency binds input, authorization and runtime; budget and cancellation persist (20.702833ms)
✔ single-round review binds fresh source, candidate, target and rubric and rejects duplicates (31.351542ms)
✔ strict review JSON rejects duplicate keys, overflow, malformed values and accepts business error (1.089166ms)
✔ revision proposals require actual assessed fields and preserve authorization without claiming independence (39.68425ms)
✔ child tasks share one durable budget and late cancellation receipts are quarantined (41.218583ms)
✔ review request rejects a claimed revision that differs from actual native bytes (41.926084ms)
✔ review binds exchange loss and persists rejection reasons across restart (21.724458ms)
✔ pending reviews survive restart and any bound source, candidate or rubric replacement invalidates acceptance (59.858625ms)
✔ review target and authorization schemas reject undeclared target keys and invalid scopes (38.183291ms)
✔ different source resources cannot claim one physical output in any unresolved state (49.24775ms)
✔ a separate old SQL connection cannot bypass output occupation (4.500333ms)
✔ output occupation is released only for terminal rows; same-key reads remain idempotent (28.626ms)
✔ durable ownership survives registry restart and stops a TERM-ignoring descendant (626.868166ms)
✔ a forged root identity never authorizes signalling a live group (211.049834ms)
✔ settling a verified interruption fences the previous epoch and never claims delivery (32.756959ms)
✔ new or changed original files after inspection keep writer occupation (111.201584ms)
✔ receipt changes after inspection and old proofs without step identity retain occupation (58.464459ms)
✔ recovery refuses skill before any inspection process or proof (32.336708ms)
✔ recovery refuses plan before any inspection process or proof (29.651458ms)
✔ recovery refuses control before any inspection process or proof (33.717625ms)
✔ recovery refuses missing-control-hash before any inspection process or proof (47.492375ms)
✔ recovery refuses symlink-plan before any inspection process or proof (35.803708ms)
✔ recovery refuses unchanged before any inspection process or proof (16.696917ms)
✔ recovery refuses source-edited before any inspection process or proof (10.093333ms)
✔ recovery refuses source-deleted before any inspection process or proof (19.509166ms)
✔ recovery refuses source-added before any inspection process or proof (15.632083ms)
✔ recovery refuses source-symlink before any inspection process or proof (30.625ms)
✔ recovery refuses source-missing-directory before any inspection process or proof (16.925958ms)
✔ recovery refuses source-missing-hash before any inspection process or proof (18.196833ms)
✔ recovery refuses source-unchanged before any inspection process or proof (29.167ms)
✔ recovery refuses persisted receipt manifest-missing before native inspection (39.785541ms)
✔ recovery refuses persisted receipt manifest-changed before native inspection (13.990708ms)
✔ recovery refuses persisted receipt artifact-changed before native inspection (16.535291ms)
✔ recovery refuses persisted receipt runtime before native inspection (42.616208ms)
✔ recovery refuses persisted receipt malformed before native inspection (61.091959ms)
✔ recovery refuses persisted receipt invalid-state before native inspection (35.850875ms)
✔ recovery refuses persisted receipt missing-result before native inspection (18.232042ms)
✔ recovery valid reaches the subsequent runtime identity gate (15.956041ms)
✔ recovery no-receipt reaches the subsequent runtime identity gate (8.517208ms)
✔ recovery prepared-valid reaches the subsequent runtime identity gate (16.2735ms)
✔ recovery refuses prepared-wrong-output without launching native inspection (36.089916ms)
✔ recovery refuses prepared-bad-digest without launching native inspection (7.83875ms)
✔ a review assigned to a durable bounded cycle cannot bypass it through legacy revision (34.683792ms)
✔ bounded cycles require checked evidence and immutable valid policy (146.582792ms)
✔ round reservations are idempotent, cannot overlap, and preserve shared budget across restart (107.998708ms)
✔ stagnation stops the cycle and retains a hash-verifiable best candidate (118.699ms)
✔ an improving last round still stops at the hard limit and retains the new best (180.863459ms)
✔ exhausted shared budget stops durably and cannot be revived by restoring the counter (176.219209ms)
✔ source edits and duplicate field targets cannot issue a revision (74.294375ms)
✔ changed goals stop the cycle while its earlier best remains verifiable (56.430167ms)
✔ runtime drift is rejected before execution intent or another shared attempt (58.640458ms)
✔ default new task probes before claim and refuses missing capability without output or intent (45.354542ms)
✔ default probe binds capabilities; completed same key is readonly and does not reprobe (432.216459ms)
✔ concurrent first use reuses the same selection while another task is running (557.707959ms)
✔ a selection switched during a pending default probe is never silently overwritten (10.958625ms)
✔ actual schema and mode must match; enabled flags do not substitute for signatures (0.682084ms)
✔ activation drains tasks, guards claim atomically, retains previous version and survives restart (32.546875ms)
✔ incompatible rollback and unconfirmed native groups retain active identity (20.668333ms)
✔ bridge selection cannot silently execute a headless Controller task (3.924458ms)
✔ every unresolved task state prevents activation (11.664666ms)
✔ an explicitly bridge-bound native task registers against its selected bridge runtime (8.383791ms)
✔ inherited schema2 selection cannot claim or bypass drain during schema3 initialization (10.438ms)
✔ selected runtime identity is checked inside the task claim transaction (22.878667ms)
✔ migration preserves original WAL selection, consumed shared budget and task rows in both snapshot and schema3 (40.287208ms)
✔ database guard rejects mode, binary and schema bypass through direct legacy SQL (5.264958ms)
✔ source manifest cannot change while runtime is probing (34.686584ms)
✔ source inherited plan cannot change while runtime is probing (32.818542ms)
✔ source declared asset cannot change while runtime is probing (94.201334ms)
✔ source previously absent PDF date cannot change while runtime is probing (53.15675ms)
✔ source manifest and declared dependency digests enter immutable task identity (376.176083ms)
✔ source manifest cannot introduce path traversal or linked inputs before probing (28.4085ms)
✔ ordinary dependency filenames cannot bypass guards through object prototype setters (9.639833ms)
✔ a declared dependency cannot escape its source bundle through a parent directory link (6.581375ms)
✔ execution uses a hash-verified readonly source snapshot while resource identity stays on the user source (219.664292ms)
✔ legacy v1 migration retains an immutable consistent backup and consumed task budget (19.762334ms)
✔ backup directory links are refused before modifying the legacy schema (5.74775ms)
✔ mode-aware state uses a new schema so a schema2-only reader cannot be selected (4.40675ms)
✔ schema2 upgrades keep selection and budgets; the actual previous reader rejects schema3 (74.522375ms)
✔ checked requests use actual decode failures, persist evidence, and cannot be visually promoted (277.0295ms)
✔ unsupported decoding stays pending and all delivered files remain bound (260.193167ms)
✔ checked evidence cannot be injected through the legacy JSON request entry (15.282667ms)
✔ readonly decoder cancellation consumes its shared attempt and does not replay after restart (857.448833ms)
ℹ tests 97
ℹ suites 0
ℹ pass 97
ℹ fail 0
ℹ cancelled 0
ℹ skipped 0
ℹ todo 0
ℹ duration_ms 2044.667458
