✔ final output permission alone does not authorize sibling staging; refusal precedes probe (32.193875ms)
✔ authorized physical roots and request paths stay fixed when a root alias changes during probe (537.413292ms)
✔ caller mutation cannot replace the input fingerprint or broaden authorization after probe starts (42.628958ms)
✔ replacing captured physical root with a new alias cannot redirect execution (10.912834ms)
✔ replacing captured physical output-parent with a new alias cannot redirect execution (50.197042ms)
✔ controller binds a supplied standalone snapshot, records intent and verifies actual files (595.76225ms)
✔ changing a bound brief during execution stops the owned group and retains the unresolved task (485.003458ms)
✔ preview pixel geometry and unspecified units are refused before effects (25.44375ms)
✔ artboard-local controls are verified against native coordinates without previews (0.810917ms)
✔ closure and unit mismatches report real object IDs (0.322958ms)
✔ point, handle and stroke drift cannot be masked by a matching anchor count (0.302542ms)
✔ duplicate binding aliases and missing actual IDs never become successful geometry (0.234959ms)
✔ ambiguous boards and unknown inherited transformations are refused (0.115583ms)
✔ nonfinite controls, duplicate targets and relaxed tolerances fail contract validation (0.201792ms)
✔ single writer keys the source resource, not output path; epochs fence old writers (32.970583ms)
✔ idempotency binds input, authorization and runtime; budget and cancellation persist (8.102667ms)
✔ single-round review binds fresh source, candidate, target and rubric and rejects duplicates (16.0845ms)
✔ strict review JSON rejects duplicate keys, overflow, malformed values and accepts business error (1.385791ms)
✔ revision proposals require actual assessed fields and preserve authorization without claiming independence (45.440875ms)
✔ child tasks share one durable budget and late cancellation receipts are quarantined (52.135041ms)
✔ review request rejects a claimed revision that differs from actual native bytes (16.235584ms)
✔ review binds exchange loss and persists rejection reasons across restart (22.075041ms)
✔ pending reviews survive restart and any bound source, candidate or rubric replacement invalidates acceptance (82.325375ms)
✔ review target and authorization schemas reject undeclared target keys and invalid scopes (116.17525ms)
✔ different source resources cannot claim one physical output in any unresolved state (63.351ms)
✔ a separate old SQL connection cannot bypass output occupation (41.167542ms)
✔ output occupation is released only for terminal rows; same-key reads remain idempotent (32.679625ms)
✔ durable ownership survives registry restart and stops a TERM-ignoring descendant (637.80375ms)
✔ a forged root identity never authorizes signalling a live group (182.792833ms)
✔ settling a verified interruption fences the previous epoch and never claims delivery (31.915709ms)
✔ new or changed original files after inspection keep writer occupation (55.118334ms)
✔ receipt changes after inspection and old proofs without step identity retain occupation (68.414917ms)
✔ recovery refuses skill before any inspection process or proof (24.258125ms)
✔ recovery refuses plan before any inspection process or proof (12.513833ms)
✔ recovery refuses control before any inspection process or proof (17.304ms)
✔ recovery refuses missing-control-hash before any inspection process or proof (45.60575ms)
✔ recovery refuses symlink-plan before any inspection process or proof (51.868958ms)
✔ recovery refuses unchanged before any inspection process or proof (23.64275ms)
✔ recovery refuses source-edited before any inspection process or proof (19.430542ms)
✔ recovery refuses source-deleted before any inspection process or proof (38.62075ms)
✔ recovery refuses source-added before any inspection process or proof (18.077125ms)
✔ recovery refuses source-symlink before any inspection process or proof (13.781208ms)
✔ recovery refuses source-missing-directory before any inspection process or proof (16.34375ms)
✔ recovery refuses source-missing-hash before any inspection process or proof (16.810583ms)
✔ recovery refuses source-unchanged before any inspection process or proof (17.107542ms)
✔ recovery refuses persisted receipt manifest-missing before native inspection (13.881542ms)
✔ recovery refuses persisted receipt manifest-changed before native inspection (19.671041ms)
✔ recovery refuses persisted receipt artifact-changed before native inspection (52.423458ms)
✔ recovery refuses persisted receipt runtime before native inspection (51.659042ms)
✔ recovery refuses persisted receipt malformed before native inspection (22.444042ms)
✔ recovery refuses persisted receipt invalid-state before native inspection (26.718917ms)
✔ recovery refuses persisted receipt missing-result before native inspection (79.096792ms)
✔ recovery valid reaches the subsequent runtime identity gate (12.642417ms)
✔ recovery no-receipt reaches the subsequent runtime identity gate (12.579ms)
✔ recovery prepared-valid reaches the subsequent runtime identity gate (33.309291ms)
✔ recovery refuses prepared-wrong-output without launching native inspection (16.810917ms)
✔ recovery refuses prepared-bad-digest without launching native inspection (11.631666ms)
✔ a review assigned to a durable bounded cycle cannot bypass it through legacy revision (14.470459ms)
✔ bounded cycles require checked evidence and immutable valid policy (111.394958ms)
✔ round reservations are idempotent, cannot overlap, and preserve shared budget across restart (140.200208ms)
✔ stagnation stops the cycle and retains a hash-verifiable best candidate (224.761917ms)
✔ an improving last round still stops at the hard limit and retains the new best (162.444791ms)
✔ exhausted shared budget stops durably and cannot be revived by restoring the counter (58.442334ms)
✔ source edits and duplicate field targets cannot issue a revision (59.405208ms)
✔ changed goals stop the cycle while its earlier best remains verifiable (53.057291ms)
✔ runtime drift is rejected before execution intent or another shared attempt (49.80625ms)
✔ default new task probes before claim and refuses missing capability without output or intent (17.255958ms)
✔ default probe binds capabilities; completed same key is readonly and does not reprobe (462.43575ms)
✔ concurrent first use reuses the same selection while another task is running (466.760125ms)
✔ a selection switched during a pending default probe is never silently overwritten (7.058334ms)
✔ actual schema and mode must match; enabled flags do not substitute for signatures (0.699958ms)
✔ activation drains tasks, guards claim atomically, retains previous version and survives restart (26.056708ms)
✔ incompatible rollback and unconfirmed native groups retain active identity (10.445ms)
✔ bridge selection cannot silently execute a headless Controller task (8.542084ms)
✔ every unresolved task state prevents activation (49.677375ms)
✔ an explicitly bridge-bound native task registers against its selected bridge runtime (9.254834ms)
✔ inherited schema2 selection cannot claim or bypass drain during schema3 initialization (15.526916ms)
✔ selected runtime identity is checked inside the task claim transaction (10.146375ms)
✔ migration preserves original WAL selection, consumed shared budget and task rows in both snapshot and schema3 (108.813292ms)
✔ database guard rejects mode, binary and schema bypass through direct legacy SQL (5.348708ms)
✔ source manifest cannot change while runtime is probing (26.429875ms)
✔ source inherited plan cannot change while runtime is probing (43.472084ms)
✔ source declared asset cannot change while runtime is probing (47.193583ms)
✔ source previously absent PDF date cannot change while runtime is probing (45.065583ms)
✔ source manifest and declared dependency digests enter immutable task identity (294.592334ms)
✔ source manifest cannot introduce path traversal or linked inputs before probing (13.306417ms)
✔ ordinary dependency filenames cannot bypass guards through object prototype setters (8.628167ms)
✔ a declared dependency cannot escape its source bundle through a parent directory link (5.680209ms)
✔ execution uses a hash-verified readonly source snapshot while resource identity stays on the user source (195.552666ms)
✔ legacy v1 migration retains an immutable consistent backup and consumed task budget (48.177667ms)
✔ backup directory links are refused before modifying the legacy schema (12.972542ms)
✔ mode-aware state uses a new schema so a schema2-only reader cannot be selected (10.37ms)
✔ schema2 upgrades keep selection and budgets; the actual previous reader rejects schema3 (61.638375ms)
✔ checked requests use actual decode failures, persist evidence, and cannot be visually promoted (239.969459ms)
✔ unsupported decoding stays pending and all delivered files remain bound (204.999666ms)
✔ checked evidence cannot be injected through the legacy JSON request entry (2.986292ms)
✔ readonly decoder cancellation consumes its shared attempt and does not replay after restart (811.914375ms)
ℹ tests 97
ℹ suites 0
ℹ pass 97
ℹ fail 0
ℹ cancelled 0
ℹ skipped 0
ℹ todo 0
ℹ duration_ms 1940.144708
