✔ controller binds a supplied standalone snapshot, records intent and verifies actual files (371.442583ms)
✔ changing a bound brief during execution stops the owned group and retains the unresolved task (423.559167ms)
✔ preview pixel geometry and unspecified units are refused before effects (37.803208ms)
✔ artboard-local controls are verified against native coordinates without previews (1.243584ms)
✔ closure and unit mismatches report real object IDs (0.997875ms)
✔ point, handle and stroke drift cannot be masked by a matching anchor count (0.16175ms)
✔ duplicate binding aliases and missing actual IDs never become successful geometry (0.47775ms)
✔ ambiguous boards and unknown inherited transformations are refused (0.297792ms)
✔ nonfinite controls, duplicate targets and relaxed tolerances fail contract validation (0.688042ms)
✔ single writer keys the source resource, not output path; epochs fence old writers (38.510459ms)
✔ idempotency binds input, authorization and runtime; budget and cancellation persist (21.535292ms)
✔ single-round review binds fresh source, candidate, target and rubric and rejects duplicates (65.089417ms)
✔ strict review JSON rejects duplicate keys, overflow, malformed values and accepts business error (0.65875ms)
✔ revision proposals require actual assessed fields and preserve authorization without claiming independence (21.860625ms)
✔ child tasks share one durable budget and late cancellation receipts are quarantined (6.828333ms)
✔ review request rejects a claimed revision that differs from actual native bytes (9.065334ms)
✔ review binds exchange loss and persists rejection reasons across restart (29.802875ms)
✔ pending reviews survive restart and any bound source, candidate or rubric replacement invalidates acceptance (49.939791ms)
✔ review target and authorization schemas reject undeclared target keys and invalid scopes (3.748291ms)
✔ durable ownership survives registry restart and stops a TERM-ignoring descendant (483.909958ms)
✔ a forged root identity never authorizes signalling a live group (158.977583ms)
✔ settling a verified interruption fences the previous epoch and never claims delivery (22.815958ms)
✔ new or changed original files after inspection keep writer occupation (62.932291ms)
✔ a review assigned to a durable bounded cycle cannot bypass it through legacy revision (28.725709ms)
✔ bounded cycles require checked evidence and immutable valid policy (108.379625ms)
✔ round reservations are idempotent, cannot overlap, and preserve shared budget across restart (52.97125ms)
✔ stagnation stops the cycle and retains a hash-verifiable best candidate (89.528958ms)
✔ an improving last round still stops at the hard limit and retains the new best (78.675583ms)
✔ exhausted shared budget stops durably and cannot be revived by restoring the counter (77.031334ms)
✔ source edits and duplicate field targets cannot issue a revision (53.517667ms)
✔ changed goals stop the cycle while its earlier best remains verifiable (43.784875ms)
✔ runtime drift is rejected before execution intent or another shared attempt (41.944958ms)
✔ default new task probes before claim and refuses missing capability without output or intent (30.495125ms)
✔ default probe binds capabilities; completed same key is readonly and does not reprobe (317.557416ms)
✔ concurrent first use reuses the same selection while another task is running (375.316583ms)
✔ a selection switched during a pending default probe is never silently overwritten (6.695458ms)
✔ actual schema and mode must match; enabled flags do not substitute for signatures (0.67ms)
✔ activation drains tasks, guards claim atomically, retains previous version and survives restart (29.344042ms)
✔ incompatible rollback and unconfirmed native groups retain active identity (16.384416ms)
✔ bridge selection cannot silently execute a headless Controller task (19.09075ms)
✔ every unresolved task state prevents activation (48.720875ms)
✔ an explicitly bridge-bound native task registers against its selected bridge runtime (3.383167ms)
✔ inherited schema2 selection cannot claim or bypass drain during schema3 initialization (9.2025ms)
✔ selected runtime identity is checked inside the task claim transaction (21.689917ms)
✔ migration preserves original WAL selection, consumed shared budget and task rows in both snapshot and schema3 (47.38475ms)
✔ database guard rejects mode, binary and schema bypass through direct legacy SQL (26.167041ms)
✔ legacy v1 migration retains an immutable consistent backup and consumed task budget (34.877042ms)
✔ backup directory links are refused before modifying the legacy schema (16.188834ms)
✔ mode-aware state uses a new schema so a schema2-only reader cannot be selected (3.048083ms)
✔ schema2 upgrades keep selection and budgets; the actual previous reader rejects schema3 (76.110166ms)
✔ checked requests use actual decode failures, persist evidence, and cannot be visually promoted (195.320417ms)
✔ unsupported decoding stays pending and all delivered files remain bound (200.797417ms)
✔ checked evidence cannot be injected through the legacy JSON request entry (3.356625ms)
✔ readonly decoder cancellation consumes its shared attempt and does not replay after restart (818.109833ms)
ℹ tests 54
ℹ suites 0
ℹ pass 54
ℹ fail 0
ℹ cancelled 0
ℹ skipped 0
ℹ todo 0
ℹ duration_ms 1552.184583
