✖ migration preserves original WAL selection, consumed shared budget and task rows in both snapshot and schema3 (26.147041ms)
ℹ tests 1
ℹ suites 0
ℹ pass 0
ℹ fail 1
ℹ cancelled 0
ℹ skipped 0
ℹ todo 0
ℹ duration_ms 106.898083

✖ failing tests:

test at tests/runtime_state_preservation.test.ts:9:1
✖ migration preserves original WAL selection, consumed shared budget and task rows in both snapshot and schema3 (26.147041ms)
  AssertionError [ERR_ASSERTION]: Missing expected exception.
      at TestContext.<anonymous> (file://<plugin-root>/tests/runtime_state_preservation.test.ts:24:10)
      at Test.runInAsyncScope (node:async_hooks:227:14)
      at Test.run (node:internal/test_runner/test:1325:25)
      at Test.start (node:internal/test_runner/test:1191:17)
      at startSubtestAfterBootstrap (node:internal/test_runner/harness:385:17) {
    generatedMessage: false,
    code: 'ERR_ASSERTION',
    actual: undefined,
    expected: /incompatible_state_schema/,
    operator: 'throws',
    diff: 'simple'
  }
