✖ unlaunched ready task can be sealed and late intent cannot reserve budget (4.104833ms)
✖ GO needs registered process and intent; authorized GO cannot become unlaunched (2.228042ms)
✖ sealing submitted task retains reservation and prevents late GO (2.060208ms)
✖ missing new protocol gate is not proof of no native execution (1.898583ms)
ℹ tests 4
ℹ suites 0
ℹ pass 0
ℹ fail 4
ℹ cancelled 0
ℹ skipped 0
ℹ todo 0
ℹ duration_ms 86.611584

✖ failing tests:

test at tests/launch_gate.test.ts:9:1
✖ unlaunched ready task can be sealed and late intent cannot reserve budget (4.104833ms)
  TypeError: f.ledger.sealUnlaunched is not a function
      at TestContext.<anonymous> (file://<plugin-root>/tests/launch_gate.test.ts:10:22)
      at Test.runInAsyncScope (node:async_hooks:227:14)
      at Test.run (node:internal/test_runner/test:1325:25)
      at Test.start (node:internal/test_runner/test:1191:17)
      at startSubtestAfterBootstrap (node:internal/test_runner/harness:385:17)

test at tests/launch_gate.test.ts:14:1
✖ GO needs registered process and intent; authorized GO cannot become unlaunched (2.228042ms)
  AssertionError [ERR_ASSERTION]: The input did not match the regular expression /launch_not_authorized/. Input:

  'TypeError: f.ledger.authorizeLaunch is not a function'

      at TestContext.<anonymous> (file://<plugin-root>/tests/launch_gate.test.ts:15:9)
      at Test.runInAsyncScope (node:async_hooks:227:14)
      at Test.run (node:internal/test_runner/test:1325:25)
      at Test.processPendingSubtests (node:internal/test_runner/test:911:18)
      at Test.postRun (node:internal/test_runner/test:1465:19)
      at Test.run (node:internal/test_runner/test:1390:12)
      at async startSubtestAfterBootstrap (node:internal/test_runner/harness:385:3) {
    generatedMessage: true,
    code: 'ERR_ASSERTION',
    actual: TypeError: f.ledger.authorizeLaunch is not a function
        at file://<plugin-root>/tests/launch_gate.test.ts:15:29
        at getActual (node:assert:611:5)
        at strict.throws (node:assert:759:24)
        at TestContext.<anonymous> (file://<plugin-root>/tests/launch_gate.test.ts:15:9)
        at Test.runInAsyncScope (node:async_hooks:227:14)
        at Test.run (node:internal/test_runner/test:1325:25)
        at Test.processPendingSubtests (node:internal/test_runner/test:911:18)
        at Test.postRun (node:internal/test_runner/test:1465:19)
        at Test.run (node:internal/test_runner/test:1390:12)
        at async startSubtestAfterBootstrap (node:internal/test_runner/harness:385:3),
    expected: /launch_not_authorized/,
    operator: 'throws',
    diff: 'simple'
  }

test at tests/launch_gate.test.ts:21:1
✖ sealing submitted task retains reservation and prevents late GO (2.060208ms)
  TypeError: f.ledger.sealUnlaunched is not a function
      at TestContext.<anonymous> (file://<plugin-root>/tests/launch_gate.test.ts:22:73)
      at Test.runInAsyncScope (node:async_hooks:227:14)
      at Test.run (node:internal/test_runner/test:1325:25)
      at Test.processPendingSubtests (node:internal/test_runner/test:911:18)
      at Test.postRun (node:internal/test_runner/test:1465:19)
      at Test.run (node:internal/test_runner/test:1390:12)
      at async Test.processPendingSubtests (node:internal/test_runner/test:911:7)

test at tests/launch_gate.test.ts:26:1
✖ missing new protocol gate is not proof of no native execution (1.898583ms)
  Error: no such table: native_launches
      at TestContext.<anonymous> (file://<plugin-root>/tests/launch_gate.test.ts:27:14)
      at Test.runInAsyncScope (node:async_hooks:227:14)
      at Test.run (node:internal/test_runner/test:1325:25)
      at Test.processPendingSubtests (node:internal/test_runner/test:911:18)
      at Test.postRun (node:internal/test_runner/test:1465:19)
      at Test.run (node:internal/test_runner/test:1390:12)
      at async Test.processPendingSubtests (node:internal/test_runner/test:911:7) {
    code: 'ERR_SQLITE_ERROR',
    errcode: 1,
    errstr: 'SQL logic error'
  }
