
> test
> node --test tests/*.test.ts

✔ final output permission alone does not authorize sibling staging; refusal precedes probe (13.26125ms)
✔ authorized physical roots and request paths stay fixed when a root alias changes during probe (368.695375ms)
✔ caller mutation cannot replace the input fingerprint or broaden authorization after probe starts (29.4175ms)
✔ replacing captured physical root with a new alias cannot redirect execution (26.997666ms)
✔ replacing captured physical output-parent with a new alias cannot redirect execution (13.311916ms)
✔ controller binds a supplied standalone snapshot, records intent and verifies actual files (470.025417ms)
✔ changing a bound brief during execution stops the owned group and retains the unresolved task (633.682458ms)
✔ preview pixel geometry and unspecified units are refused before effects (24.003458ms)
✔ artboard-local controls are verified against native coordinates without previews (0.829125ms)
✔ closure and unit mismatches report real object IDs (0.240667ms)
✔ point, handle and stroke drift cannot be masked by a matching anchor count (0.121292ms)
✔ duplicate binding aliases and missing actual IDs never become successful geometry (0.222791ms)
✔ ambiguous boards and unknown inherited transformations are refused (0.11375ms)
✔ nonfinite controls, duplicate targets and relaxed tolerances fail contract validation (0.21325ms)
✔ single writer keys the source resource, not output path; epochs fence old writers (25.950292ms)
✔ idempotency binds input, authorization and runtime; budget and cancellation persist (28.036208ms)
✔ single-round review binds fresh source, candidate, target and rubric and rejects duplicates (38.895ms)
✔ strict review JSON rejects duplicate keys, overflow, malformed values and accepts business error (0.5945ms)
✔ revision proposals require actual assessed fields and preserve authorization without claiming independence (29.536ms)
✔ child tasks share one durable budget and late cancellation receipts are quarantined (10.402542ms)
✔ review request rejects a claimed revision that differs from actual native bytes (31.792959ms)
✔ review binds exchange loss and persists rejection reasons across restart (15.939833ms)
✔ pending reviews survive restart and any bound source, candidate or rubric replacement invalidates acceptance (74.078417ms)
✔ review target and authorization schemas reject undeclared target keys and invalid scopes (14.689666ms)
✔ unlaunched ready task can be sealed and late intent cannot reserve budget (15.838459ms)
✔ GO needs registered process and intent; authorized GO cannot become unlaunched (4.083625ms)
✔ sealing submitted task retains reservation and prevents late GO (5.29175ms)
✔ missing new protocol gate is not proof of no native execution (17.857708ms)
✔ independent SQLite connections serialize sealing against GO authorization (22.444ms)
✔ legacy tasks do not acquire a no-GO conclusion retroactively (40.621791ms)
✔ deadline expiry between intent and GO refuses launch without resetting consumed budget (9.304541ms)
✔ different source resources cannot claim one physical output in any unresolved state (24.375833ms)
✔ a separate old SQL connection cannot bypass output occupation (3.960875ms)
✔ output occupation is released only for terminal rows; same-key reads remain idempotent (5.2325ms)
✔ durable ownership survives registry restart and stops a TERM-ignoring descendant (538.809459ms)
✔ a forged root identity never authorizes signalling a live group (192.737542ms)
✔ settling a verified interruption fences the previous epoch and never claims delivery (26.758458ms)
✔ new or changed original files after inspection keep writer occupation (45.397084ms)
✔ receipt changes after inspection and old proofs without step identity retain occupation (32.917833ms)
✔ recovery refuses skill before any inspection process or proof (27.40125ms)
✔ recovery refuses plan before any inspection process or proof (25.257209ms)
✔ recovery refuses control before any inspection process or proof (10.668ms)
✔ recovery refuses missing-control-hash before any inspection process or proof (43.622125ms)
✔ recovery refuses symlink-plan before any inspection process or proof (23.472333ms)
✔ recovery refuses unchanged before any inspection process or proof (10.052708ms)
✔ recovery refuses source-edited before any inspection process or proof (28.3455ms)
✔ recovery refuses source-deleted before any inspection process or proof (11.910292ms)
✔ recovery refuses source-added before any inspection process or proof (43.3855ms)
✔ recovery refuses source-symlink before any inspection process or proof (26.998334ms)
✔ recovery refuses source-missing-directory before any inspection process or proof (11.880666ms)
✔ recovery refuses source-missing-hash before any inspection process or proof (6.65525ms)
✔ recovery refuses source-unchanged before any inspection process or proof (12.306ms)
✔ recovery refuses persisted receipt manifest-missing before native inspection (46.3635ms)
✔ recovery refuses persisted receipt manifest-changed before native inspection (30.765209ms)
✔ recovery refuses persisted receipt artifact-changed before native inspection (13.209708ms)
✔ recovery refuses persisted receipt runtime before native inspection (25.354458ms)
✔ recovery refuses persisted receipt malformed before native inspection (21.152375ms)
✔ recovery refuses persisted receipt invalid-state before native inspection (32.674042ms)
✔ recovery refuses persisted receipt missing-result before native inspection (34.007167ms)
✔ recovery valid reaches the subsequent runtime identity gate (38.269833ms)
✔ recovery no-receipt reaches the subsequent runtime identity gate (31.497583ms)
✔ recovery prepared-valid reaches the subsequent runtime identity gate (16.683667ms)
✔ recovery refuses prepared-wrong-output without launching native inspection (13.92325ms)
✔ recovery refuses prepared-bad-digest without launching native inspection (37.701666ms)
✔ a review assigned to a durable bounded cycle cannot bypass it through legacy revision (23.585583ms)
✔ bounded cycles require checked evidence and immutable valid policy (95.137625ms)
✔ round reservations are idempotent, cannot overlap, and preserve shared budget across restart (107.193667ms)
✔ stagnation stops the cycle and retains a hash-verifiable best candidate (131.247916ms)
✔ an improving last round still stops at the hard limit and retains the new best (137.162542ms)
✔ exhausted shared budget stops durably and cannot be revived by restoring the counter (80.22125ms)
✔ source edits and duplicate field targets cannot issue a revision (42.197875ms)
✔ changed goals stop the cycle while its earlier best remains verifiable (69.583167ms)
✔ runtime drift is rejected before execution intent or another shared attempt (57.890083ms)
✔ default new task probes before claim and refuses missing capability without output or intent (35.179708ms)
✔ default probe binds capabilities; completed same key is readonly and does not reprobe (385.756292ms)
✔ concurrent first use reuses the same selection while another task is running (600.5805ms)
✔ a selection switched during a pending default probe is never silently overwritten (24.568709ms)
✔ actual schema and mode must match; enabled flags do not substitute for signatures (0.745667ms)
✔ activation drains tasks, guards claim atomically, retains previous version and survives restart (24.103166ms)
✔ incompatible rollback and unconfirmed native groups retain active identity (11.948584ms)
✔ bridge selection cannot silently execute a headless Controller task (14.758708ms)
✔ every unresolved task state prevents activation (15.763792ms)
✔ an explicitly bridge-bound native task registers against its selected bridge runtime (15.291667ms)
✔ inherited schema2 selection cannot claim or bypass drain during schema3 initialization (29.676834ms)
✔ selected runtime identity is checked inside the task claim transaction (26.567375ms)
✔ migration preserves original WAL selection, consumed shared budget and task rows in both snapshot and schema3 (58.353375ms)
✔ database guard rejects mode, binary and schema bypass through direct legacy SQL (3.834167ms)
✔ source manifest cannot change while runtime is probing (45.116375ms)
✔ source inherited plan cannot change while runtime is probing (18.183125ms)
✔ source declared asset cannot change while runtime is probing (16.534125ms)
✔ source previously absent PDF date cannot change while runtime is probing (35.756292ms)
✔ source manifest and declared dependency digests enter immutable task identity (341.39575ms)
✔ source manifest cannot introduce path traversal or linked inputs before probing (15.049625ms)
✔ ordinary dependency filenames cannot bypass guards through object prototype setters (11.654625ms)
✔ a declared dependency cannot escape its source bundle through a parent directory link (8.353042ms)
✔ execution uses a hash-verified readonly source snapshot while resource identity stays on the user source (379.306166ms)
✔ legacy v1 migration retains an immutable consistent backup and consumed task budget (34.440667ms)
✔ backup directory links are refused before modifying the legacy schema (5.867041ms)
✔ mode-aware state uses a new schema so a schema2-only reader cannot be selected (5.214417ms)
✔ schema2 upgrades keep selection and budgets; the actual previous reader rejects schema3 (47.43925ms)
✔ checked requests use actual decode failures, persist evidence, and cannot be visually promoted (227.5255ms)
✔ unsupported decoding stays pending and all delivered files remain bound (235.004459ms)
✔ checked evidence cannot be injected through the legacy JSON request entry (5.45325ms)
✔ readonly decoder cancellation consumes its shared attempt and does not replay after restart (799.620708ms)
✔ ready crash seals launch and verifies no source/no output without inventing native inspection (23.420875ms)
✔ unlaunched recovery refuses new output and retains occupation (10.181667ms)
✔ unlaunched settlement refuses plan or launch gate changed after inspection (20.546625ms)
✔ submitted but unlaunched crash still requires recorded execution snapshot identity (32.636583ms)
✔ cancelling an unlaunched ready task persists state even before snapshot directory creation (68.009875ms)
ℹ tests 109
ℹ suites 0
ℹ pass 109
ℹ fail 0
ℹ cancelled 0
ℹ skipped 0
ℹ todo 0
ℹ duration_ms 1809.334
