✖ ready crash seals launch and verifies no source/no output without inventing native inspection (5.676333ms)
✖ unlaunched recovery refuses new output and retains occupation (3.790209ms)
✖ unlaunched settlement refuses plan or launch gate changed after inspection (2.785458ms)
✖ submitted but unlaunched crash still requires recorded execution snapshot identity (3.740083ms)
ℹ tests 4
ℹ suites 0
ℹ pass 0
ℹ fail 4
ℹ cancelled 0
ℹ skipped 0
ℹ todo 0
ℹ duration_ms 94.717583

✖ failing tests:

test at tests/unlaunched_recovery.test.ts:18:1
✖ ready crash seals launch and verifies no source/no output without inventing native inspection (5.676333ms)
  Error: task_not_recoverable
      at Recovery.inspect (file://<plugin-root>/src/harness/recovery.ts:53:71)
      at TestContext.<anonymous> (file://<plugin-root>/tests/unlaunched_recovery.test.ts:20:31)
      at Test.runInAsyncScope (node:async_hooks:227:14)
      at Test.run (node:internal/test_runner/test:1325:25)
      at Test.start (node:internal/test_runner/test:1191:17)
      at startSubtestAfterBootstrap (node:internal/test_runner/harness:385:17)

test at tests/unlaunched_recovery.test.ts:25:1
✖ unlaunched recovery refuses new output and retains occupation (3.790209ms)
  AssertionError [ERR_ASSERTION]: The input did not match the regular expression /unlaunched_output_present/. Input:

  'Error: task_not_recoverable'

      at async TestContext.<anonymous> (file://<plugin-root>/tests/unlaunched_recovery.test.ts:26:22)
      at async Test.run (node:internal/test_runner/test:1332:7)
      at async Test.processPendingSubtests (node:internal/test_runner/test:911:7) {
    generatedMessage: true,
    code: 'ERR_ASSERTION',
    actual: Error: task_not_recoverable
        at Recovery.inspect (file://<plugin-root>/src/harness/recovery.ts:53:71)
        at file://<plugin-root>/tests/unlaunched_recovery.test.ts:26:58
        at waitForActual (node:assert:632:21)
        at strict.rejects (node:assert:769:31)
        at TestContext.<anonymous> (file://<plugin-root>/tests/unlaunched_recovery.test.ts:26:35)
        at Test.runInAsyncScope (node:async_hooks:227:14)
        at Test.run (node:internal/test_runner/test:1325:25)
        at Test.processPendingSubtests (node:internal/test_runner/test:911:18)
        at Test.postRun (node:internal/test_runner/test:1465:19)
        at Test.run (node:internal/test_runner/test:1390:12),
    expected: /unlaunched_output_present/,
    operator: 'rejects',
    diff: 'simple'
  }

test at tests/unlaunched_recovery.test.ts:29:1
✖ unlaunched settlement refuses plan or launch gate changed after inspection (2.785458ms)
  Error: task_not_recoverable
      at Recovery.inspect (file://<plugin-root>/src/harness/recovery.ts:53:71)
      at TestContext.<anonymous> (file://<plugin-root>/tests/unlaunched_recovery.test.ts:30:31)
      at Test.runInAsyncScope (node:async_hooks:227:14)
      at Test.run (node:internal/test_runner/test:1325:25)
      at Test.processPendingSubtests (node:internal/test_runner/test:911:18)
      at Test.postRun (node:internal/test_runner/test:1465:19)
      at Test.run (node:internal/test_runner/test:1390:12)
      at async Test.processPendingSubtests (node:internal/test_runner/test:911:7)

test at tests/unlaunched_recovery.test.ts:33:1
✖ submitted but unlaunched crash still requires recorded execution snapshot identity (3.740083ms)
  AssertionError [ERR_ASSERTION]: The input did not match the regular expression /recovery_identity_missing/. Input:

  'Error: task_not_recoverable'

      at async TestContext.<anonymous> (file://<plugin-root>/tests/unlaunched_recovery.test.ts:34:40)
      at async Test.run (node:internal/test_runner/test:1332:7)
      at async Test.processPendingSubtests (node:internal/test_runner/test:911:7) {
    generatedMessage: true,
    code: 'ERR_ASSERTION',
    actual: Error: task_not_recoverable
        at Recovery.inspect (file://<plugin-root>/src/harness/recovery.ts:53:71)
        at file://<plugin-root>/tests/unlaunched_recovery.test.ts:34:76
        at waitForActual (node:assert:632:21)
        at strict.rejects (node:assert:769:31)
        at TestContext.<anonymous> (file://<plugin-root>/tests/unlaunched_recovery.test.ts:34:53)
        at Test.runInAsyncScope (node:async_hooks:227:14)
        at Test.run (node:internal/test_runner/test:1325:25)
        at Test.processPendingSubtests (node:internal/test_runner/test:911:18)
        at Test.postRun (node:internal/test_runner/test:1465:19)
        at Test.run (node:internal/test_runner/test:1390:12),
    expected: /recovery_identity_missing/,
    operator: 'rejects',
    diff: 'simple'
  }
