test_ignored_host_cache_is_not_published_documentation (test_current_readme_identity.CurrentReadmeIdentityTests.test_ignored_host_cache_is_not_published_documentation) ... FAIL
test_local_docs_gate_rejects_stale_and_duplicate_current_identity (test_current_readme_identity.CurrentReadmeIdentityTests.test_local_docs_gate_rejects_stale_and_duplicate_current_identity) ... ok

======================================================================
FAIL: test_ignored_host_cache_is_not_published_documentation (test_current_readme_identity.CurrentReadmeIdentityTests.test_ignored_host_cache_is_not_published_documentation)
----------------------------------------------------------------------
Traceback (most recent call last):
  File "<workspace>/full-aigc-plugins-repositories/vectorcraft-plugin/tests/test_current_readme_identity.py", line 23, in test_ignored_host_cache_is_not_published_documentation
    result=validate();self.assertEqual(result.returncode,0,result.stdout+result.stderr)
                      ~~~~~~~~~~~~~~~~^^^^^^^^^^^^^^^^^^^^^^^^^^^^^^^^^^^^^^^^^^^^^^^^^
AssertionError: 1 != 0 : {
  "status": "failed",
  "scope": "documentation structure, local links, status honesty and spec/task traceability only",
  "markdownFiles": 332,
  "capabilities": 7,
  "requirements": 33,
  "scenarios": 104,
  "openImplementationTasks": 44,
  "errors": [
    ".local/isolated-host/skills/system/foreign.md: unlabeled code fence",
    ".local/isolated-host/skills/system/foreign.md: multiple H1 headings"
  ]
}


----------------------------------------------------------------------
Ran 2 tests in 1.874s

FAILED (failures=1)
