PASS direct malformed
PASS direct scalar
PASS direct missing
PASS direct ambiguous
PASS direct nonfinite
PASS direct tool-content
PASS direct wrong-id
PASS direct duplicate-envelope
PASS direct inner-nonfinite
PASS direct inner-overflow
PASS direct inner-duplicate
PASS native-gateway malformed
PASS native-gateway scalar
PASS native-gateway missing
PASS native-gateway ambiguous
PASS native-gateway nonfinite
PASS native-gateway tool-content
PASS native-gateway wrong-id
PASS native-gateway duplicate-envelope
PASS native-gateway inner-nonfinite
PASS native-gateway inner-overflow
PASS native-gateway inner-duplicate
