✔ final output permission alone does not authorize sibling staging; refusal precedes probe (20.485209ms)
✔ authorized physical roots and request paths stay fixed when a root alias changes during probe (402.349709ms)
✔ caller mutation cannot replace the input fingerprint or broaden authorization after probe starts (21.522292ms)
✔ replacing captured physical root with a new alias cannot redirect execution (27.457583ms)
✔ replacing captured physical output-parent with a new alias cannot redirect execution (12.563958ms)
✔ controller binds a supplied standalone snapshot, records intent and verifies actual files (462.653084ms)
✔ changing a bound brief during execution stops the owned group and retains the unresolved task (468.659917ms)
✔ preview pixel geometry and unspecified units are refused before effects (14.9505ms)
✔ artboard-local controls are verified against native coordinates without previews (0.777583ms)
✔ closure and unit mismatches report real object IDs (0.222167ms)
✔ point, handle and stroke drift cannot be masked by a matching anchor count (0.121125ms)
✔ duplicate binding aliases and missing actual IDs never become successful geometry (0.206791ms)
✔ ambiguous boards and unknown inherited transformations are refused (0.10925ms)
✔ nonfinite controls, duplicate targets and relaxed tolerances fail contract validation (2.843667ms)
✔ single writer keys the source resource, not output path; epochs fence old writers (17.751083ms)
✔ idempotency binds input, authorization and runtime; budget and cancellation persist (9.971917ms)
✔ single-round review binds fresh source, candidate, target and rubric and rejects duplicates (16.080083ms)
✔ strict review JSON rejects duplicate keys, overflow, malformed values and accepts business error (0.766334ms)
✔ revision proposals require actual assessed fields and preserve authorization without claiming independence (46.866458ms)
✔ child tasks share one durable budget and late cancellation receipts are quarantined (16.394042ms)
✔ review request rejects a claimed revision that differs from actual native bytes (30.077583ms)
✔ review binds exchange loss and persists rejection reasons across restart (16.96175ms)
✔ pending reviews survive restart and any bound source, candidate or rubric replacement invalidates acceptance (95.85025ms)
✔ review target and authorization schemas reject undeclared target keys and invalid scopes (25.648333ms)
✔ unlaunched ready task can be sealed and late intent cannot reserve budget (16.56575ms)
✔ GO needs registered process and intent; authorized GO cannot become unlaunched (10.355708ms)
✔ sealing submitted task retains reservation and prevents late GO (13.061291ms)
✔ missing new protocol gate is not proof of no native execution (32.1195ms)
✔ independent SQLite connections serialize sealing against GO authorization (19.528958ms)
✔ legacy tasks do not acquire a no-GO conclusion retroactively (17.024042ms)
✔ deadline expiry between intent and GO refuses launch without resetting consumed budget (20.713208ms)
✔ different source resources cannot claim one physical output in any unresolved state (82.932958ms)
✔ a separate old SQL connection cannot bypass output occupation (7.29725ms)
✔ output occupation is released only for terminal rows; same-key reads remain idempotent (11.740208ms)
✔ durable ownership survives registry restart and stops a TERM-ignoring descendant (563.786666ms)
✔ a forged root identity never authorizes signalling a live group (173.194959ms)
✔ settling a verified interruption fences the previous epoch and never claims delivery (12.844209ms)
✔ new or changed original files after inspection keep writer occupation (73.914042ms)
✔ receipt changes after inspection and old proofs without step identity retain occupation (34.926ms)
✔ recovery refuses skill before any inspection process or proof (29.149458ms)
✔ recovery refuses plan before any inspection process or proof (29.153875ms)
✔ recovery refuses control before any inspection process or proof (41.256458ms)
✔ recovery refuses missing-control-hash before any inspection process or proof (12.083209ms)
✔ recovery refuses symlink-plan before any inspection process or proof (7.321834ms)
✔ recovery refuses unchanged before any inspection process or proof (37.813666ms)
✔ recovery refuses source-edited before any inspection process or proof (7.557292ms)
✔ recovery refuses source-deleted before any inspection process or proof (9.974916ms)
✔ recovery refuses source-added before any inspection process or proof (35.869ms)
✔ recovery refuses source-symlink before any inspection process or proof (20.248375ms)
✔ recovery refuses source-missing-directory before any inspection process or proof (19.857958ms)
✔ recovery refuses source-missing-hash before any inspection process or proof (23.37225ms)
✔ recovery refuses source-unchanged before any inspection process or proof (36.55175ms)
✔ recovery refuses persisted receipt manifest-missing before native inspection (18.122542ms)
✔ recovery refuses persisted receipt manifest-changed before native inspection (47.486208ms)
✔ recovery refuses persisted receipt artifact-changed before native inspection (24.280375ms)
✔ recovery refuses persisted receipt runtime before native inspection (23.929834ms)
✔ recovery refuses persisted receipt malformed before native inspection (21.306375ms)
✔ recovery refuses persisted receipt invalid-state before native inspection (29.105917ms)
✔ recovery refuses persisted receipt missing-result before native inspection (9.347583ms)
✔ recovery valid reaches the subsequent runtime identity gate (15.117792ms)
✔ recovery no-receipt reaches the subsequent runtime identity gate (25.176375ms)
✔ recovery prepared-valid reaches the subsequent runtime identity gate (24.054709ms)
✔ recovery refuses prepared-wrong-output without launching native inspection (20.021959ms)
✔ recovery refuses prepared-bad-digest without launching native inspection (37.787375ms)
✔ a review assigned to a durable bounded cycle cannot bypass it through legacy revision (18.383083ms)
✔ bounded cycles require checked evidence and immutable valid policy (109.336ms)
✔ round reservations are idempotent, cannot overlap, and preserve shared budget across restart (118.080416ms)
✔ stagnation stops the cycle and retains a hash-verifiable best candidate (203.955833ms)
✔ an improving last round still stops at the hard limit and retains the new best (142.084416ms)
✔ exhausted shared budget stops durably and cannot be revived by restoring the counter (57.217709ms)
✔ source edits and duplicate field targets cannot issue a revision (64.35675ms)
✔ changed goals stop the cycle while its earlier best remains verifiable (46.055292ms)
✔ runtime drift is rejected before execution intent or another shared attempt (47.921708ms)
✔ default new task probes before claim and refuses missing capability without output or intent (26.707042ms)
✔ default probe binds capabilities; completed same key is readonly and does not reprobe (418.662125ms)
✔ concurrent first use reuses the same selection while another task is running (423.016583ms)
✔ a selection switched during a pending default probe is never silently overwritten (7.273667ms)
✔ actual schema and mode must match; enabled flags do not substitute for signatures (0.798875ms)
✔ activation drains tasks, guards claim atomically, retains previous version and survives restart (34.8065ms)
✔ incompatible rollback and unconfirmed native groups retain active identity (15.635334ms)
✔ bridge selection cannot silently execute a headless Controller task (8.33875ms)
✔ every unresolved task state prevents activation (20.63725ms)
✔ an explicitly bridge-bound native task registers against its selected bridge runtime (27.853083ms)
✔ inherited schema2 selection cannot claim or bypass drain during schema3 initialization (16.718833ms)
✔ selected runtime identity is checked inside the task claim transaction (24.346333ms)
✔ migration preserves original WAL selection, consumed shared budget and task rows in both snapshot and schema3 (36.985583ms)
✔ database guard rejects mode, binary and schema bypass through direct legacy SQL (19.034834ms)
✔ source manifest cannot change while runtime is probing (53.1685ms)
✔ source inherited plan cannot change while runtime is probing (27.409125ms)
✔ source declared asset cannot change while runtime is probing (14.943625ms)
✔ source previously absent PDF date cannot change while runtime is probing (45.683083ms)
✔ source manifest and declared dependency digests enter immutable task identity (325.348583ms)
✔ source manifest cannot introduce path traversal or linked inputs before probing (10.549167ms)
✔ ordinary dependency filenames cannot bypass guards through object prototype setters (7.83475ms)
✔ a declared dependency cannot escape its source bundle through a parent directory link (5.278833ms)
✔ execution uses a hash-verified readonly source snapshot while resource identity stays on the user source (206.108834ms)
✔ legacy v1 migration retains an immutable consistent backup and consumed task budget (43.570208ms)
✔ backup directory links are refused before modifying the legacy schema (15.720625ms)
✔ mode-aware state uses a new schema so a schema2-only reader cannot be selected (12.365208ms)
✔ schema2 upgrades keep selection and budgets; the actual previous reader rejects schema3 (25.507917ms)
✔ checked requests use actual decode failures, persist evidence, and cannot be visually promoted (262.756083ms)
✔ unsupported decoding stays pending and all delivered files remain bound (192.522708ms)
✔ checked evidence cannot be injected through the legacy JSON request entry (2.693083ms)
✔ readonly decoder cancellation consumes its shared attempt and does not replay after restart (824.521375ms)
✔ ready crash seals launch and verifies no source/no output without inventing native inspection (25.588334ms)
✔ unlaunched recovery refuses new output and retains occupation (9.87425ms)
✔ unlaunched settlement refuses plan or launch gate changed after inspection (26.428334ms)
✔ submitted but unlaunched crash still requires recorded execution snapshot identity (36.1575ms)
✔ cancelling an unlaunched ready task persists state even before snapshot directory creation (56.642416ms)
ℹ tests 109
ℹ suites 0
ℹ pass 109
ℹ fail 0
ℹ cancelled 0
ℹ skipped 0
ℹ todo 0
ℹ duration_ms 1839.886125
