{
  "result": "PASS",
  "level": "native-candidate",
  "fingerprints": {
    "src/cli.ts": "eef02244d70bb0d24157e61152125549c0de386fffb1e650dd8bdc1b4dadbd2e",
    "src/evaluation/review_store.ts": "1754fc1859ff00ce01ab789c7bf706ae173fb7a4e29ab1d23ab0b4d8b6d6b791",
    "src/harness/controller.ts": "c1fc21a4549db0f65235a89b6dc53faaaba55250a2deb83a28552fdfb70fa5d3",
    "src/harness/ledger.ts": "c1aa8d6b7ad7c40d5fc0f1a8d87ddae1df0b29144c904690917e5b79355f660d",
    "src/harness/process_registry.ts": "c19a3cb5d42cc33620bc5baeff7db71f1c6daa92f046a112951a7f50f7906162",
    "src/harness/process_runner.py": "7332d0757aa01f03d00697f8eb8d93f849517cab34ea8a1355ba6c9513d5aba2",
    "src/harness/recovery.ts": "675db847b9e7d8d3f272746a8fcb92fa419f2b07a281f42e8ddff8d556d627a5",
    "src/strict_json.ts": "69a445339670e53f6a7fcb96770b53b896666dd1e60f114c1751a23981d5b7d0",
    "scripts/acceptance/execution_identity.ts": "923b35a9ddd6d6f7a2b6f22e2f597012a84bbee51b111c5a005d173af490a422",
    "scripts/acceptance/managed_cancel.ts": "f087ac62a7db9160935b9663ee045594ebd37541610a99a5ef7065eb20d76fd0",
    "scripts/acceptance/record_execution_control.py": "9ded1a54b482c84ff477e0c3a1d97aa2dd362e61a5cd749b327adae1f95dc37b",
    "scripts/acceptance/single_round.ts": "309115ba29a4b5ea69e70099a58d657ff1e29d48284af42a9d3461fefee9c84f",
    "schemas/vector-review-receipt.schema.json": "d1e94365af9e75ce55de82df50a36eb37a65d0da4b19f66e704b00e9b35641ab",
    "schemas/vector-review-request.schema.json": "7abda15fe87ef22574690914c00b86d2aa13d3a3f081f97ac691d3d25adad161"
  },
  "scope": "real checkpoint cancellation, native group stopped, restart readonly recovery of original files/dependencies, cancelled epoch fence and durable late receipt quarantine; no successful delivery or fixed-install claim",
  "skillSha256": "a332ea661bdbea83302e0b07194fff7501671c916e4e3cda3fb6f79b460e2622",
  "runtimeSha256": "ac47d32f34b8910dd559cff59d64cafaaade066227714359d1821cb2b0e59d1b",
  "sourceProjectSha256": "9fc91755273aa5e7e56e84bd47e66b4ccf076f7ba28f421634d91b2de430eec5",
  "taskId": "12439a5a-0f46-4fb1-bb1b-89282b2052e6",
  "epoch": 1,
  "state": "cancel_requested",
  "checkpoint": {
    "path": "<plugin-repository>/.local/execution-control-proof/cancel-verified-fingerprinted-standalone-bound/.vectorcraft-gmnejg7o/managed-checkpoint-2.vectorcraft",
    "sha256": "a4a78973da11e66decd313b42d75e2bcb2ee5e8a952c549a897e169825cf1b2d",
    "inode": 618649138,
    "readonlyReopened": {
      "layers": 1,
      "artboards": 3
    }
  },
  "eventSha256": "57a3a35bd99bfabfc4c2d46c16d2190e9ee1a2d6be7a515d6a5d7bbe473aca44",
  "eventCount": 54,
  "sourceUnchanged": true,
  "nativeGroupStopped": true,
  "dependentWriterRejected": true,
  "recovery": {
    "schema": "vectorcraft-original-inspection/v1",
    "checkId": "35187c4a-e2de-4739-88f1-67862b6cd26f",
    "task": "12439a5a-0f46-4fb1-bb1b-89282b2052e6",
    "epoch": 1,
    "owner": "12439a5a-0f46-4fb1-bb1b-89282b2052e6:inspect:35187c4a-e2de-4739-88f1-67862b6cd26f",
    "stage": "<plugin-repository>/.local/execution-control-proof/cancel-verified-fingerprinted-standalone-bound/.vectorcraft-gmnejg7o",
    "stageInode": 618649135,
    "stageDevice": 16777233,
    "files": {
      "<plugin-repository>/.local/execution-control-proof/cancel-verified-fingerprinted-standalone-bound/.vectorcraft-gmnejg7o/brand-checkpoint-0.vectorcraft": {
        "sha256": "a4a78973da11e66decd313b42d75e2bcb2ee5e8a952c549a897e169825cf1b2d",
        "bytes": 33820,
        "inode": 618649139
      },
      "<plugin-repository>/.local/execution-control-proof/cancel-verified-fingerprinted-standalone-bound/.vectorcraft-gmnejg7o/brand-checkpoint-1.vectorcraft": {
        "sha256": "c3d0390f48159c6c4dbf87ad7ff9aae1906470d4b37218cfcf893f28f7464018",
        "bytes": 33852,
        "inode": 618649142
      },
      "<plugin-repository>/.local/execution-control-proof/cancel-verified-fingerprinted-standalone-bound/.vectorcraft-gmnejg7o/brand-checkpoint-2.vectorcraft": {
        "sha256": "c3d0390f48159c6c4dbf87ad7ff9aae1906470d4b37218cfcf893f28f7464018",
        "bytes": 33852,
        "inode": 618649144
      },
      "<plugin-repository>/.local/execution-control-proof/cancel-verified-fingerprinted-standalone-bound/.vectorcraft-gmnejg7o/brand-dependencies.json": {
        "sha256": "9ecfb46685b96ce0b87be8e1f76f654fdbfaf537b2f6250742fd62aa24655109",
        "bytes": 2914,
        "inode": 618649140
      },
      "<plugin-repository>/.local/execution-control-proof/cancel-verified-fingerprinted-standalone-bound/.vectorcraft-gmnejg7o/failure.json": {
        "sha256": "337807ef886de6174737fe904fc3fe603521de4e83fdd8ee0fa22aeeb29ab687",
        "bytes": 1722,
        "inode": 618649147
      },
      "<plugin-repository>/.local/execution-control-proof/cancel-verified-fingerprinted-standalone-bound/.vectorcraft-gmnejg7o/managed-checkpoint-16.vectorcraft": {
        "sha256": "c3d0390f48159c6c4dbf87ad7ff9aae1906470d4b37218cfcf893f28f7464018",
        "bytes": 33852,
        "inode": 618649143
      },
      "<plugin-repository>/.local/execution-control-proof/cancel-verified-fingerprinted-standalone-bound/.vectorcraft-gmnejg7o/managed-checkpoint-2.vectorcraft": {
        "sha256": "a4a78973da11e66decd313b42d75e2bcb2ee5e8a952c549a897e169825cf1b2d",
        "bytes": 33820,
        "inode": 618649138
      },
      "<plugin-repository>/.local/execution-control-proof/cancel-verified-fingerprinted-standalone-bound/.vectorcraft-gmnejg7o/managed-checkpoint-9.vectorcraft": {
        "sha256": "c3d0390f48159c6c4dbf87ad7ff9aae1906470d4b37218cfcf893f28f7464018",
        "bytes": 33852,
        "inode": 618649141
      },
      "<plugin-repository>/.local/execution-control-proof/cancel-verified-fingerprinted-standalone-bound/.vectorcraft-gmnejg7o/recovery-operations.json": {
        "sha256": "14b01b608fda940c3db0998013e5e258ac9a09fa1c695ecf23a4cdefb3fe339a",
        "bytes": 458973,
        "inode": 618649146
      }
    },
    "reopened": [
      {
        "path": "<plugin-repository>/.local/execution-control-proof/cancel-verified-fingerprinted-standalone-bound/.vectorcraft-gmnejg7o/brand-checkpoint-0.vectorcraft",
        "layers": 1,
        "artboards": 3,
        "dependencies": {
          "links": [],
          "missing": 0,
          "modified": 0
        }
      },
      {
        "path": "<plugin-repository>/.local/execution-control-proof/cancel-verified-fingerprinted-standalone-bound/.vectorcraft-gmnejg7o/brand-checkpoint-1.vectorcraft",
        "layers": 1,
        "artboards": 3,
        "dependencies": {
          "links": [],
          "missing": 0,
          "modified": 0
        }
      },
      {
        "path": "<plugin-repository>/.local/execution-control-proof/cancel-verified-fingerprinted-standalone-bound/.vectorcraft-gmnejg7o/brand-checkpoint-2.vectorcraft",
        "layers": 1,
        "artboards": 3,
        "dependencies": {
          "links": [],
          "missing": 0,
          "modified": 0
        }
      },
      {
        "path": "<plugin-repository>/.local/execution-control-proof/cancel-verified-fingerprinted-standalone-bound/.vectorcraft-gmnejg7o/managed-checkpoint-16.vectorcraft",
        "layers": 1,
        "artboards": 3,
        "dependencies": {
          "links": [],
          "missing": 0,
          "modified": 0
        }
      },
      {
        "path": "<plugin-repository>/.local/execution-control-proof/cancel-verified-fingerprinted-standalone-bound/.vectorcraft-gmnejg7o/managed-checkpoint-2.vectorcraft",
        "layers": 1,
        "artboards": 3,
        "dependencies": {
          "links": [],
          "missing": 0,
          "modified": 0
        }
      },
      {
        "path": "<plugin-repository>/.local/execution-control-proof/cancel-verified-fingerprinted-standalone-bound/.vectorcraft-gmnejg7o/managed-checkpoint-9.vectorcraft",
        "layers": 1,
        "artboards": 3,
        "dependencies": {
          "links": [],
          "missing": 0,
          "modified": 0
        }
      }
    ],
    "nativeStopped": true,
    "classification": "verified-interrupted-files; not successful delivery"
  },
  "settledState": "cancelled",
  "settledEpoch": 2,
  "lateReceiptQuarantined": true
}
