{
  "result": "PASS",
  "level": "native-candidate",
  "fingerprints": {
    "src/cli.ts": "eef02244d70bb0d24157e61152125549c0de386fffb1e650dd8bdc1b4dadbd2e",
    "src/evaluation/review_store.ts": "1754fc1859ff00ce01ab789c7bf706ae173fb7a4e29ab1d23ab0b4d8b6d6b791",
    "src/harness/controller.ts": "c1fc21a4549db0f65235a89b6dc53faaaba55250a2deb83a28552fdfb70fa5d3",
    "src/harness/ledger.ts": "c1aa8d6b7ad7c40d5fc0f1a8d87ddae1df0b29144c904690917e5b79355f660d",
    "src/harness/process_registry.ts": "c19a3cb5d42cc33620bc5baeff7db71f1c6daa92f046a112951a7f50f7906162",
    "src/harness/process_runner.py": "7332d0757aa01f03d00697f8eb8d93f849517cab34ea8a1355ba6c9513d5aba2",
    "src/harness/recovery.ts": "675db847b9e7d8d3f272746a8fcb92fa419f2b07a281f42e8ddff8d556d627a5",
    "src/strict_json.ts": "69a445339670e53f6a7fcb96770b53b896666dd1e60f114c1751a23981d5b7d0",
    "scripts/acceptance/execution_identity.ts": "923b35a9ddd6d6f7a2b6f22e2f597012a84bbee51b111c5a005d173af490a422",
    "scripts/acceptance/managed_cancel.ts": "f087ac62a7db9160935b9663ee045594ebd37541610a99a5ef7065eb20d76fd0",
    "scripts/acceptance/record_execution_control.py": "9ded1a54b482c84ff477e0c3a1d97aa2dd362e61a5cd749b327adae1f95dc37b",
    "scripts/acceptance/single_round.ts": "309115ba29a4b5ea69e70099a58d657ff1e29d48284af42a9d3461fefee9c84f",
    "schemas/vector-review-receipt.schema.json": "d1e94365af9e75ce55de82df50a36eb37a65d0da4b19f66e704b00e9b35641ab",
    "schemas/vector-review-request.schema.json": "7abda15fe87ef22574690914c00b86d2aa13d3a3f081f97ac691d3d25adad161"
  },
  "scope": "single supplied host receipt, durable exchange, explicit brand revision and control preservation; not independent review or automatic loop",
  "skillSha256": "a332ea661bdbea83302e0b07194fff7501671c916e4e3cda3fb6f79b460e2622",
  "runtimeSha256": "ac47d32f34b8910dd559cff59d64cafaaade066227714359d1821cb2b0e59d1b",
  "sourceProjectSha256": "9fc91755273aa5e7e56e84bd47e66b4ccf076f7ba28f421634d91b2de430eec5",
  "reviewRequestSha256": "463141c4a4de39f0d4d45af827b6b3905f0fd178495c320ffeb49d1a22a18248",
  "receiptSha256": "137e6949a91154b45eb702a8b5985ba099610433c86afbe950bdb2c18800b9b8",
  "proposalSha256": "f4d62ed3e9912a1650c339c0c8784324580815aa972c4769cb167abf13926652",
  "reviewState": "revision_proposed",
  "independent": false,
  "revisionState": "review_ready",
  "brandDependencyCheck": {
    "schema": "vectorcraft-brand-dependency-check/v1",
    "status": "passed",
    "token": "Brand Primary",
    "paletteChangedUnexpectedly": false,
    "tokenTargetMismatch": false,
    "targetMismatchObjectIds": [],
    "effect": "updated",
    "consumerIds": [
      4,
      5,
      7
    ],
    "affectedObjectIds": [],
    "unexpectedDependencies": [],
    "artboardsChanged": false,
    "beforeSha256": "d0bd4ee26b195717f087962701aa9331c4c77d8ed626f8bd1d4b0df823512da6",
    "afterSha256": "03f94e95315cfd703ab555a5a78c51659c0c41b0fa0f54fa4a700d71f406bfed",
    "scope": "native explicit swatch color fields; consumer noncolor fields, palette, identities, artboards and requested authoring-model target",
    "checkpoint": "brand-checkpoint-0.vectorcraft",
    "checkpointSha256": "ecab2f606924c9a4cf11cea2af99144501030611bd2d693f2d191872e1cb4516",
    "checkpointRetained": false
  },
  "sourceUnchanged": true,
  "unrelatedBoardBytesPreserved": true,
  "duplicateReceiptRejected": true,
  "staleTargetRejected": true
}
