
> test
> node --test tests/*.test.ts

✖ controller binds a supplied standalone snapshot, records intent and verifies actual files (49.078375ms)
✔ single writer keys the source resource, not output path; epochs fence old writers (6.691709ms)
✔ idempotency binds input, authorization and runtime; budget and cancellation persist (3.465834ms)
✔ single-round review binds fresh source, candidate, target and rubric and rejects duplicates (5.451125ms)
✔ strict review JSON rejects duplicate keys, overflow, malformed values and accepts business error (0.784959ms)
✖ revision proposals require actual assessed fields and preserve authorization without claiming independence (4.862292ms)
ℹ tests 6
ℹ suites 0
ℹ pass 4
ℹ fail 2
ℹ cancelled 0
ℹ skipped 0
ℹ todo 0
ℹ duration_ms 154.930291

✖ failing tests:

test at tests/controller.test.ts:9:1
✖ controller binds a supplied standalone snapshot, records intent and verifies actual files (49.078375ms)
  AssertionError [ERR_ASSERTION]: Missing expected rejection.
      at async TestContext.<anonymous> (file://<plugin-repository>/tests/controller.test.ts:28:5)
      at async Test.run (node:internal/test_runner/test:1332:7)
      at async startSubtestAfterBootstrap (node:internal/test_runner/harness:385:3) {
    generatedMessage: false,
    code: 'ERR_ASSERTION',
    actual: undefined,
    expected: /artifact_digest_mismatch/,
    operator: 'rejects',
    diff: 'simple'
  }

test at tests/harness.test.ts:84:1
✖ revision proposals require actual assessed fields and preserve authorization without claiming independence (4.862292ms)
  AssertionError [ERR_ASSERTION]: Missing expected exception.
      at TestContext.<anonymous> (file://<plugin-repository>/tests/harness.test.ts:97:12)
      at Test.runInAsyncScope (node:async_hooks:227:14)
      at Test.run (node:internal/test_runner/test:1325:25)
      at Test.processPendingSubtests (node:internal/test_runner/test:911:18)
      at Test.postRun (node:internal/test_runner/test:1465:19)
      at Test.run (node:internal/test_runner/test:1390:12)
      at async Test.processPendingSubtests (node:internal/test_runner/test:911:7) {
    generatedMessage: false,
    code: 'ERR_ASSERTION',
    actual: undefined,
    expected: /revision_not_assessed/,
    operator: 'throws',
    diff: 'simple'
  }
