test_authority_bytes_and_tag_are_checked (test_contract_reference.ContractReferenceTests.test_authority_bytes_and_tag_are_checked) ... ok
test_bad_digest_path_and_url_rejected (test_contract_reference.ContractReferenceTests.test_bad_digest_path_and_url_rejected) ... ok
test_current_reference (test_contract_reference.ContractReferenceTests.test_current_reference) ... ok
test_floating_or_inconsistent_identity_rejected (test_contract_reference.ContractReferenceTests.test_floating_or_inconsistent_identity_rejected) ... ok
test_missing_file_or_protocol_rejected (test_contract_reference.ContractReferenceTests.test_missing_file_or_protocol_rejected) ... ok
test_ignored_host_cache_is_not_published_documentation (test_current_readme_identity.CurrentReadmeIdentityTests.test_ignored_host_cache_is_not_published_documentation) ... ok
test_local_docs_gate_rejects_stale_and_duplicate_current_identity (test_current_readme_identity.CurrentReadmeIdentityTests.test_local_docs_gate_rejects_stale_and_duplicate_current_identity) ... ok
test_corrupt_image_with_matching_manifest_hash_cannot_pass (test_delivery_quality.DeliveryQualityTests.test_corrupt_image_with_matching_manifest_hash_cannot_pass) ... ok
test_declared_file_or_runtime_drift_blocks_before_decode (test_delivery_quality.DeliveryQualityTests.test_declared_file_or_runtime_drift_blocks_before_decode) ... ok
test_manifest_integrity_does_not_claim_native_reopening (test_delivery_quality.DeliveryQualityTests.test_manifest_integrity_does_not_claim_native_reopening) ... ok
test_missing_decoder_is_not_a_technical_pass (test_delivery_quality.DeliveryQualityTests.test_missing_decoder_is_not_a_technical_pass) ... ok
test_unknown_status_cannot_be_accepted (test_delivery_quality.DeliveryQualityTests.test_unknown_status_cannot_be_accepted) ... ok
test_fixed_release_identity_change_is_not_current_acceptance (test_fixed_acceptance.FixedAcceptanceTests.test_fixed_release_identity_change_is_not_current_acceptance) ... ok
test_rehashed_protocol_report_still_requires_all_faults (test_fixed_acceptance.FixedAcceptanceTests.test_rehashed_protocol_report_still_requires_all_faults) ... ok
test_rehashed_skill_identity_drift_cannot_pass (test_fixed_acceptance.FixedAcceptanceTests.test_rehashed_skill_identity_drift_cannot_pass) ... ok
test_current_identity_is_a_checked_artifact (test_optimization_integrity.OptimizationIntegrityTests.test_current_identity_is_a_checked_artifact) ... ok
test_current_report_identity_cannot_be_rebound_to_a_new_plugin (test_optimization_integrity.OptimizationIntegrityTests.test_current_report_identity_cannot_be_rebound_to_a_new_plugin) ... ok
test_evidence_changed_dependencies_are_stale_but_unrelated_changes_reuse (test_optimization_integrity.OptimizationIntegrityTests.test_evidence_changed_dependencies_are_stale_but_unrelated_changes_reuse) ... ok
test_one_standalone_runtime_or_desktop_identity_drift_is_rejected (test_optimization_integrity.OptimizationIntegrityTests.test_one_standalone_runtime_or_desktop_identity_drift_is_rejected) ... ok
test_previous_candidate_is_historical_after_plugin_release_version_changes (test_optimization_integrity.OptimizationIntegrityTests.test_previous_candidate_is_historical_after_plugin_release_version_changes) ... ok
test_unknown_evidence_level_and_skip_promotion_are_rejected (test_optimization_integrity.OptimizationIntegrityTests.test_unknown_evidence_level_and_skip_promotion_are_rejected) ... ok
test_branch_and_escaping_destination_are_rejected (test_skill_vendor.VendorTests.test_branch_and_escaping_destination_are_rejected) ... ok
test_development_tag_is_immutable_version (test_skill_vendor.VendorTests.test_development_tag_is_immutable_version) ... ok
test_local_override_uses_tag_not_dirty_worktree_or_cache (test_skill_vendor.VendorTests.test_local_override_uses_tag_not_dirty_worktree_or_cache) ... ok
test_remote_ref_race_cannot_label_new_checkout_with_old_sha (test_skill_vendor.VendorTests.test_remote_ref_race_cannot_label_new_checkout_with_old_sha) ... ok
test_existing_link_target_is_preserved_before_any_replacement (test_skill_vendor_self_contained.SelfContainedVendorTests.test_existing_link_target_is_preserved_before_any_replacement) ... ok
test_invalid_second_source_does_not_replace_first_target_or_lock (test_skill_vendor_self_contained.SelfContainedVendorTests.test_invalid_second_source_does_not_replace_first_target_or_lock) ... ok
test_linked_destination_is_rejected_even_when_it_stays_inside_repository (test_skill_vendor_self_contained.SelfContainedVendorTests.test_linked_destination_is_rejected_even_when_it_stays_inside_repository) ... ok
test_links_are_rejected_including_root_directory_and_dangling (test_skill_vendor_self_contained.SelfContainedVendorTests.test_links_are_rejected_including_root_directory_and_dangling) ... ok
test_offline_check_rejects_content_identical_external_link (test_skill_vendor_self_contained.SelfContainedVendorTests.test_offline_check_rejects_content_identical_external_link) ... ok
test_offline_check_rejects_missing_commit_or_digest_before_source_use (test_skill_vendor_self_contained.SelfContainedVendorTests.test_offline_check_rejects_missing_commit_or_digest_before_source_use) ... ok
test_public_check_rejects_equal_content_link_without_touching_user_files (test_skill_vendor_self_contained.SelfContainedVendorTests.test_public_check_rejects_equal_content_link_without_touching_user_files) ... ok
test_public_update_rejects_tagged_link_before_replacing_any_skill (test_skill_vendor_self_contained.SelfContainedVendorTests.test_public_update_rejects_tagged_link_before_replacing_any_skill) ... ok
test_regular_payload_retains_existing_digest (test_skill_vendor_self_contained.SelfContainedVendorTests.test_regular_payload_retains_existing_digest) ... ok
test_snapshot_drift_fails_without_refreshing_lock_or_other_skill (test_skill_vendor_self_contained.SelfContainedVendorTests.test_snapshot_drift_fails_without_refreshing_lock_or_other_skill) ... ok
test_valid_update_preserves_plugin_local_skill_and_binds_new_digest (test_skill_vendor_self_contained.SelfContainedVendorTests.test_valid_update_preserves_plugin_local_skill_and_binds_new_digest) ... ok
test_version_named_branch_is_not_a_release_tag (test_skill_vendor_self_contained.SelfContainedVendorTests.test_version_named_branch_is_not_a_release_tag) ... fatal: couldn't find remote ref refs/tags/v1.0.0
ok
test_current_source_plan_identity_and_stale_fields (test_source_plan_identity.SourcePlanIdentityTests.test_current_source_plan_identity_and_stale_fields) ... ok

----------------------------------------------------------------------
Ran 38 tests in 15.047s

OK
fetched <TEMP_PATH> -> 831ae5cf06587440132c7225b552f64389f16a3b
using local tagged source for sample-skills: <TEMP_PATH> @ 831ae5cf06587440132c7225b552f64389f16a3b
