✔ controller binds a supplied standalone snapshot, records intent and verifies actual files (298.343875ms)
✔ changing a bound brief during execution stops the owned group and retains the unresolved task (422.538334ms)
✔ preview pixel geometry and unspecified units are refused before effects (13.74325ms)
✔ artboard-local controls are verified against native coordinates without previews (1.567583ms)
✔ closure and unit mismatches report real object IDs (0.540375ms)
✔ point, handle and stroke drift cannot be masked by a matching anchor count (0.146667ms)
✔ duplicate binding aliases and missing actual IDs never become successful geometry (0.2955ms)
✔ ambiguous boards and unknown inherited transformations are refused (0.175417ms)
✔ nonfinite controls, duplicate targets and relaxed tolerances fail contract validation (0.233459ms)
✔ single writer keys the source resource, not output path; epochs fence old writers (13.246667ms)
✔ idempotency binds input, authorization and runtime; budget and cancellation persist (18.289542ms)
✔ single-round review binds fresh source, candidate, target and rubric and rejects duplicates (62.107541ms)
✔ strict review JSON rejects duplicate keys, overflow, malformed values and accepts business error (0.568625ms)
✔ revision proposals require actual assessed fields and preserve authorization without claiming independence (19.227709ms)
✔ child tasks share one durable budget and late cancellation receipts are quarantined (31.220833ms)
✔ review request rejects a claimed revision that differs from actual native bytes (14.076333ms)
✔ review binds exchange loss and persists rejection reasons across restart (9.943208ms)
✔ pending reviews survive restart and any bound source, candidate or rubric replacement invalidates acceptance (40.636125ms)
✔ review target and authorization schemas reject undeclared target keys and invalid scopes (16.760458ms)
✔ durable ownership survives registry restart and stops a TERM-ignoring descendant (367.942459ms)
✔ a forged root identity never authorizes signalling a live group (194.733041ms)
✔ settling a verified interruption fences the previous epoch and never claims delivery (57.859625ms)
✔ new or changed original files after inspection keep writer occupation (37.293291ms)
✔ a review assigned to a durable bounded cycle cannot bypass it through legacy revision (10.498208ms)
✔ bounded cycles require checked evidence and immutable valid policy (93.205625ms)
✔ round reservations are idempotent, cannot overlap, and preserve shared budget across restart (68.175833ms)
✔ stagnation stops the cycle and retains a hash-verifiable best candidate (81.4235ms)
✔ an improving last round still stops at the hard limit and retains the new best (80.933125ms)
✔ exhausted shared budget stops durably and cannot be revived by restoring the counter (78.708625ms)
✔ source edits and duplicate field targets cannot issue a revision (38.380417ms)
✔ changed goals stop the cycle while its earlier best remains verifiable (50.192667ms)
✔ runtime drift is rejected before execution intent or another shared attempt (44.947959ms)
✔ default new task probes before claim and refuses missing capability without output or intent (55.981375ms)
✔ default probe binds capabilities; completed same key is readonly and does not reprobe (243.889ms)
✔ concurrent first use reuses the same selection while another task is running (387.812792ms)
✔ a selection switched during a pending default probe is never silently overwritten (6.220875ms)
✔ actual schema and mode must match; enabled flags do not substitute for signatures (0.756292ms)
✔ activation drains tasks, guards claim atomically, retains previous version and survives restart (7.557459ms)
✔ incompatible rollback and unconfirmed native groups retain active identity (5.510042ms)
✔ bridge selection cannot silently execute a headless Controller task (7.311541ms)
✔ every unresolved task state prevents activation (7.556875ms)
✔ an explicitly bridge-bound native task registers against its selected bridge runtime (5.301375ms)
✔ inherited schema2 selection cannot claim or bypass drain during schema3 initialization (55.287292ms)
✔ selected runtime identity is checked inside the task claim transaction (35.301292ms)
✔ migration preserves original WAL selection, consumed shared budget and task rows in both snapshot and schema3 (62.533458ms)
✔ database guard rejects mode, binary and schema bypass through direct legacy SQL (4.1995ms)
✔ legacy v1 migration retains an immutable consistent backup and consumed task budget (53.926708ms)
✔ backup directory links are refused before modifying the legacy schema (41.202667ms)
✔ mode-aware state uses a new schema so a schema2-only reader cannot be selected (13.672666ms)
✔ schema2 upgrades keep selection and budgets; the actual previous reader rejects schema3 (22.738709ms)
✔ checked requests use actual decode failures, persist evidence, and cannot be visually promoted (191.938125ms)
✔ unsupported decoding stays pending and all delivered files remain bound (155.9255ms)
✔ checked evidence cannot be injected through the legacy JSON request entry (4.00425ms)
✔ readonly decoder cancellation consumes its shared attempt and does not replay after restart (778.023ms)
ℹ tests 54
ℹ suites 0
ℹ pass 54
ℹ fail 0
ℹ cancelled 0
ℹ skipped 0
ℹ todo 0
ℹ duration_ms 1364.337791
