✔ final output permission alone does not authorize sibling staging; refusal precedes probe (26.645958ms)
✔ authorized physical roots and request paths stay fixed when a root alias changes during probe (262.027416ms)
✔ caller mutation cannot replace the input fingerprint or broaden authorization after probe starts (9.8865ms)
✔ controller binds a supplied standalone snapshot, records intent and verifies actual files (374.084291ms)
✔ changing a bound brief during execution stops the owned group and retains the unresolved task (373.867458ms)
✔ preview pixel geometry and unspecified units are refused before effects (13.90575ms)
✔ artboard-local controls are verified against native coordinates without previews (1.312959ms)
✔ closure and unit mismatches report real object IDs (0.664375ms)
✔ point, handle and stroke drift cannot be masked by a matching anchor count (0.358375ms)
✔ duplicate binding aliases and missing actual IDs never become successful geometry (0.498084ms)
✔ ambiguous boards and unknown inherited transformations are refused (0.193916ms)
✔ nonfinite controls, duplicate targets and relaxed tolerances fail contract validation (0.223791ms)
✔ single writer keys the source resource, not output path; epochs fence old writers (12.180583ms)
✔ idempotency binds input, authorization and runtime; budget and cancellation persist (11.89975ms)
✔ single-round review binds fresh source, candidate, target and rubric and rejects duplicates (56.939208ms)
✔ strict review JSON rejects duplicate keys, overflow, malformed values and accepts business error (0.631375ms)
✔ revision proposals require actual assessed fields and preserve authorization without claiming independence (8.115542ms)
✔ child tasks share one durable budget and late cancellation receipts are quarantined (5.005416ms)
✔ review request rejects a claimed revision that differs from actual native bytes (22.667583ms)
✔ review binds exchange loss and persists rejection reasons across restart (22.612292ms)
✔ pending reviews survive restart and any bound source, candidate or rubric replacement invalidates acceptance (57.873083ms)
✔ review target and authorization schemas reject undeclared target keys and invalid scopes (20.443459ms)
✔ durable ownership survives registry restart and stops a TERM-ignoring descendant (435.63175ms)
✔ a forged root identity never authorizes signalling a live group (153.486917ms)
✔ settling a verified interruption fences the previous epoch and never claims delivery (6.087584ms)
✔ new or changed original files after inspection keep writer occupation (18.56925ms)
✔ recovery refuses skill before any inspection process or proof (19.112917ms)
✔ recovery refuses plan before any inspection process or proof (7.034625ms)
✔ recovery refuses control before any inspection process or proof (40.921875ms)
✔ recovery refuses missing-control-hash before any inspection process or proof (21.948583ms)
✔ recovery refuses symlink-plan before any inspection process or proof (7.549584ms)
✔ recovery refuses unchanged before any inspection process or proof (14.427166ms)
✔ a review assigned to a durable bounded cycle cannot bypass it through legacy revision (46.649416ms)
✔ bounded cycles require checked evidence and immutable valid policy (119.149625ms)
✔ round reservations are idempotent, cannot overlap, and preserve shared budget across restart (65.941708ms)
✔ stagnation stops the cycle and retains a hash-verifiable best candidate (78.108958ms)
✔ an improving last round still stops at the hard limit and retains the new best (116.39425ms)
✔ exhausted shared budget stops durably and cannot be revived by restoring the counter (37.87675ms)
✔ source edits and duplicate field targets cannot issue a revision (43.607833ms)
✔ changed goals stop the cycle while its earlier best remains verifiable (38.9385ms)
✔ runtime drift is rejected before execution intent or another shared attempt (41.8865ms)
✔ default new task probes before claim and refuses missing capability without output or intent (22.018417ms)
✔ default probe binds capabilities; completed same key is readonly and does not reprobe (290.3365ms)
✔ concurrent first use reuses the same selection while another task is running (355.576167ms)
✔ a selection switched during a pending default probe is never silently overwritten (5.694125ms)
✔ actual schema and mode must match; enabled flags do not substitute for signatures (0.9945ms)
✔ activation drains tasks, guards claim atomically, retains previous version and survives restart (30.727667ms)
✔ incompatible rollback and unconfirmed native groups retain active identity (11.656833ms)
✔ bridge selection cannot silently execute a headless Controller task (25.11125ms)
✔ every unresolved task state prevents activation (28.172792ms)
✔ an explicitly bridge-bound native task registers against its selected bridge runtime (3.67875ms)
✔ inherited schema2 selection cannot claim or bypass drain during schema3 initialization (6.471292ms)
✔ selected runtime identity is checked inside the task claim transaction (28.920583ms)
✔ migration preserves original WAL selection, consumed shared budget and task rows in both snapshot and schema3 (48.911833ms)
✔ database guard rejects mode, binary and schema bypass through direct legacy SQL (14.724542ms)
✔ legacy v1 migration retains an immutable consistent backup and consumed task budget (47.19725ms)
✔ backup directory links are refused before modifying the legacy schema (13.773208ms)
✔ mode-aware state uses a new schema so a schema2-only reader cannot be selected (5.532667ms)
✔ schema2 upgrades keep selection and budgets; the actual previous reader rejects schema3 (62.053417ms)
✔ checked requests use actual decode failures, persist evidence, and cannot be visually promoted (177.658667ms)
✔ unsupported decoding stays pending and all delivered files remain bound (154.088958ms)
✔ checked evidence cannot be injected through the legacy JSON request entry (3.966167ms)
✔ readonly decoder cancellation consumes its shared attempt and does not replay after restart (781.769667ms)
ℹ tests 63
ℹ suites 0
ℹ pass 63
ℹ fail 0
ℹ cancelled 0
ℹ skipped 0
ℹ todo 0
ℹ duration_ms 1403.016666
