✔ final output permission alone does not authorize sibling staging; refusal precedes probe (18.775459ms)
✔ authorized physical roots and request paths stay fixed when a root alias changes during probe (321.150583ms)
✔ caller mutation cannot replace the input fingerprint or broaden authorization after probe starts (18.158375ms)
✔ controller binds a supplied standalone snapshot, records intent and verifies actual files (406.267458ms)
✔ changing a bound brief during execution stops the owned group and retains the unresolved task (365.936125ms)
✔ preview pixel geometry and unspecified units are refused before effects (40.967667ms)
✔ artboard-local controls are verified against native coordinates without previews (0.82075ms)
✔ closure and unit mismatches report real object IDs (0.231959ms)
✔ point, handle and stroke drift cannot be masked by a matching anchor count (0.121584ms)
✔ duplicate binding aliases and missing actual IDs never become successful geometry (0.203334ms)
✔ ambiguous boards and unknown inherited transformations are refused (0.524792ms)
✔ nonfinite controls, duplicate targets and relaxed tolerances fail contract validation (0.367ms)
✔ single writer keys the source resource, not output path; epochs fence old writers (29.1515ms)
✔ idempotency binds input, authorization and runtime; budget and cancellation persist (10.242917ms)
✔ single-round review binds fresh source, candidate, target and rubric and rejects duplicates (67.30025ms)
✔ strict review JSON rejects duplicate keys, overflow, malformed values and accepts business error (0.784125ms)
✔ revision proposals require actual assessed fields and preserve authorization without claiming independence (29.098333ms)
✔ child tasks share one durable budget and late cancellation receipts are quarantined (19.189583ms)
✔ review request rejects a claimed revision that differs from actual native bytes (17.834666ms)
✔ review binds exchange loss and persists rejection reasons across restart (45.783416ms)
✔ pending reviews survive restart and any bound source, candidate or rubric replacement invalidates acceptance (34.996709ms)
✔ review target and authorization schemas reject undeclared target keys and invalid scopes (27.10175ms)
✔ durable ownership survives registry restart and stops a TERM-ignoring descendant (472.579709ms)
✔ a forged root identity never authorizes signalling a live group (147.318541ms)
✔ settling a verified interruption fences the previous epoch and never claims delivery (23.634958ms)
✔ new or changed original files after inspection keep writer occupation (18.612875ms)
✔ recovery refuses skill before any inspection process or proof (21.007667ms)
✔ recovery refuses plan before any inspection process or proof (8.412667ms)
✔ recovery refuses control before any inspection process or proof (38.679541ms)
✔ recovery refuses missing-control-hash before any inspection process or proof (43.453167ms)
✔ recovery refuses symlink-plan before any inspection process or proof (24.957209ms)
✔ recovery refuses unchanged before any inspection process or proof (7.222209ms)
✔ a review assigned to a durable bounded cycle cannot bypass it through legacy revision (17.622125ms)
✔ bounded cycles require checked evidence and immutable valid policy (111.997208ms)
✔ round reservations are idempotent, cannot overlap, and preserve shared budget across restart (77.949958ms)
✔ stagnation stops the cycle and retains a hash-verifiable best candidate (89.446375ms)
✔ an improving last round still stops at the hard limit and retains the new best (87.325375ms)
✔ exhausted shared budget stops durably and cannot be revived by restoring the counter (62.145541ms)
✔ source edits and duplicate field targets cannot issue a revision (37.332375ms)
✔ changed goals stop the cycle while its earlier best remains verifiable (42.400916ms)
✔ runtime drift is rejected before execution intent or another shared attempt (43.818459ms)
✔ default new task probes before claim and refuses missing capability without output or intent (20.071542ms)
✔ default probe binds capabilities; completed same key is readonly and does not reprobe (315.948125ms)
✔ concurrent first use reuses the same selection while another task is running (345.313917ms)
✔ a selection switched during a pending default probe is never silently overwritten (6.002625ms)
✔ actual schema and mode must match; enabled flags do not substitute for signatures (0.702375ms)
✔ activation drains tasks, guards claim atomically, retains previous version and survives restart (14.946125ms)
✔ incompatible rollback and unconfirmed native groups retain active identity (6.058875ms)
✔ bridge selection cannot silently execute a headless Controller task (33.123458ms)
✔ every unresolved task state prevents activation (39.264167ms)
✔ an explicitly bridge-bound native task registers against its selected bridge runtime (7.67675ms)
✔ inherited schema2 selection cannot claim or bypass drain during schema3 initialization (32.76425ms)
✔ selected runtime identity is checked inside the task claim transaction (16.833542ms)
✔ migration preserves original WAL selection, consumed shared budget and task rows in both snapshot and schema3 (77.211875ms)
✔ database guard rejects mode, binary and schema bypass through direct legacy SQL (19.406959ms)
✔ legacy v1 migration retains an immutable consistent backup and consumed task budget (35.150333ms)
✔ backup directory links are refused before modifying the legacy schema (42.83725ms)
✔ mode-aware state uses a new schema so a schema2-only reader cannot be selected (17.502084ms)
✔ schema2 upgrades keep selection and budgets; the actual previous reader rejects schema3 (29.343917ms)
✔ checked requests use actual decode failures, persist evidence, and cannot be visually promoted (197.995167ms)
✔ unsupported decoding stays pending and all delivered files remain bound (156.035208ms)
✔ checked evidence cannot be injected through the legacy JSON request entry (16.876625ms)
✔ readonly decoder cancellation consumes its shared attempt and does not replay after restart (780.137625ms)
ℹ tests 63
ℹ suites 0
ℹ pass 63
ℹ fail 0
ℹ cancelled 0
ℹ skipped 0
ℹ todo 0
ℹ duration_ms 1463.4875
